Archive member included to satisfy reference by file (symbol)

c:/users/kurt/desktop/gnu_arm_toolchain/gcc-arm-none-eabi/bin/../lib/gcc/arm-none-eabi/5.4.1/../../../../arm-none-eabi/lib/armv7e-m\libm.a(lib_a-s_round.o)
                              ./src/Support_DAC_basic_1_2b.o (round)
c:/users/kurt/desktop/gnu_arm_toolchain/gcc-arm-none-eabi/bin/../lib/gcc/arm-none-eabi/5.4.1/armv7e-m\libgcc.a(_arm_addsubdf3.o)
                              ./src/Support_DAC_basic_1_2b.o (__aeabi_dsub)
c:/users/kurt/desktop/gnu_arm_toolchain/gcc-arm-none-eabi/bin/../lib/gcc/arm-none-eabi/5.4.1/armv7e-m\libgcc.a(_arm_muldivdf3.o)
                              ./src/Support_DAC_basic_1_2b.o (__aeabi_ddiv)
c:/users/kurt/desktop/gnu_arm_toolchain/gcc-arm-none-eabi/bin/../lib/gcc/arm-none-eabi/5.4.1/armv7e-m\libgcc.a(_arm_fixdfsi.o)
                              ./src/Support_Plotting_1_1.o (__aeabi_d2iz)
c:/users/kurt/desktop/gnu_arm_toolchain/gcc-arm-none-eabi/bin/../lib/gcc/arm-none-eabi/5.4.1/armv7e-m\libgcc.a(_arm_fixunsdfsi.o)
                              ./src/Support_DAC_basic_1_2b.o (__aeabi_d2uiz)
c:/users/kurt/desktop/gnu_arm_toolchain/gcc-arm-none-eabi/bin/../lib/gcc/arm-none-eabi/5.4.1/armv7e-m\libgcc.a(_arm_truncdfsf2.o)
                              ./src/Support_Plotting_1_1.o (__aeabi_d2f)
c:/users/kurt/desktop/gnu_arm_toolchain/gcc-arm-none-eabi/bin/../lib/gcc/arm-none-eabi/5.4.1/armv7e-m\libgcc.a(_arm_addsubsf3.o)
                              ./src/Support_Plotting_1_1.o (__aeabi_fsub)
c:/users/kurt/desktop/gnu_arm_toolchain/gcc-arm-none-eabi/bin/../lib/gcc/arm-none-eabi/5.4.1/armv7e-m\libgcc.a(_arm_muldivsf3.o)
                              ./src/Support_Plotting_1_1.o (__aeabi_fmul)
c:/users/kurt/desktop/gnu_arm_toolchain/gcc-arm-none-eabi/bin/../lib/gcc/arm-none-eabi/5.4.1/../../../../arm-none-eabi/lib/armv7e-m\libg_nano.a(lib_a-errno.o)
                              ./system/src/newlib/_sbrk.o (__errno)
c:/users/kurt/desktop/gnu_arm_toolchain/gcc-arm-none-eabi/bin/../lib/gcc/arm-none-eabi/5.4.1/../../../../arm-none-eabi/lib/armv7e-m\libg_nano.a(lib_a-impure.o)
                              c:/users/kurt/desktop/gnu_arm_toolchain/gcc-arm-none-eabi/bin/../lib/gcc/arm-none-eabi/5.4.1/../../../../arm-none-eabi/lib/armv7e-m\libg_nano.a(lib_a-errno.o) (_impure_ptr)
c:/users/kurt/desktop/gnu_arm_toolchain/gcc-arm-none-eabi/bin/../lib/gcc/arm-none-eabi/5.4.1/../../../../arm-none-eabi/lib/armv7e-m\libg_nano.a(lib_a-printf.o)
                              ./src/WP_packet_support_1_0.o (printf)
c:/users/kurt/desktop/gnu_arm_toolchain/gcc-arm-none-eabi/bin/../lib/gcc/arm-none-eabi/5.4.1/../../../../arm-none-eabi/lib/armv7e-m\libg_nano.a(lib_a-sprintf.o)
                              ./src/syscalls_1_3.o (sprintf)
c:/users/kurt/desktop/gnu_arm_toolchain/gcc-arm-none-eabi/bin/../lib/gcc/arm-none-eabi/5.4.1/../../../../arm-none-eabi/lib/armv7e-m\libg_nano.a(lib_a-strlen.o)
                              ./system/src/diag/Trace.o (strlen)
c:/users/kurt/desktop/gnu_arm_toolchain/gcc-arm-none-eabi/bin/../lib/gcc/arm-none-eabi/5.4.1/../../../../arm-none-eabi/lib/armv7e-m\libg_nano.a(lib_a-vsnprintf.o)
                              ./system/src/diag/Trace.o (vsnprintf)
c:/users/kurt/desktop/gnu_arm_toolchain/gcc-arm-none-eabi/bin/../lib/gcc/arm-none-eabi/5.4.1/../../../../arm-none-eabi/lib/armv7e-m\libg_nano.a(lib_a-findfp.o)
                              c:/users/kurt/desktop/gnu_arm_toolchain/gcc-arm-none-eabi/bin/../lib/gcc/arm-none-eabi/5.4.1/../../../../arm-none-eabi/lib/armv7e-m\libg_nano.a(lib_a-printf.o) (__sinit)
c:/users/kurt/desktop/gnu_arm_toolchain/gcc-arm-none-eabi/bin/../lib/gcc/arm-none-eabi/5.4.1/../../../../arm-none-eabi/lib/armv7e-m\libg_nano.a(lib_a-fwalk.o)
                              c:/users/kurt/desktop/gnu_arm_toolchain/gcc-arm-none-eabi/bin/../lib/gcc/arm-none-eabi/5.4.1/../../../../arm-none-eabi/lib/armv7e-m\libg_nano.a(lib_a-findfp.o) (_fwalk)
c:/users/kurt/desktop/gnu_arm_toolchain/gcc-arm-none-eabi/bin/../lib/gcc/arm-none-eabi/5.4.1/../../../../arm-none-eabi/lib/armv7e-m\libg_nano.a(lib_a-memset.o)
                              c:/users/kurt/desktop/gnu_arm_toolchain/gcc-arm-none-eabi/bin/../lib/gcc/arm-none-eabi/5.4.1/../../../../arm-none-eabi/lib/armv7e-m\libg_nano.a(lib_a-findfp.o) (memset)
c:/users/kurt/desktop/gnu_arm_toolchain/gcc-arm-none-eabi/bin/../lib/gcc/arm-none-eabi/5.4.1/../../../../arm-none-eabi/lib/armv7e-m\libg_nano.a(lib_a-nano-mallocr.o)
                              c:/users/kurt/desktop/gnu_arm_toolchain/gcc-arm-none-eabi/bin/../lib/gcc/arm-none-eabi/5.4.1/../../../../arm-none-eabi/lib/armv7e-m\libg_nano.a(lib_a-findfp.o) (_malloc_r)
c:/users/kurt/desktop/gnu_arm_toolchain/gcc-arm-none-eabi/bin/../lib/gcc/arm-none-eabi/5.4.1/../../../../arm-none-eabi/lib/armv7e-m\libg_nano.a(lib_a-nano-svfprintf.o)
[...]
Memory Configuration

Name             Origin             Length             Attributes
RAM              0x20000000         0x00020000         xrw
CCMRAM           0x10000000         0x00010000         xrw
FLASH            0x08000000         0x00100000         xr
FLASHB1          0x00000000         0x00000000         xr
EXTMEMB0         0x00000000         0x00000000         xr
EXTMEMB1         0x00000000         0x00000000         xr
EXTMEMB2         0x00000000         0x00000000         xr
EXTMEMB3         0x00000000         0x00000000         xr
MEMORY_ARRAY     0x20002000         0x00000020         xrw
*default*        0x00000000         0xffffffff

Linker script and memory map

LOAD ./system/src/stm32f4-hal/stm32f4xx_hal.o
LOAD ./system/src/stm32f4-hal/stm32f4xx_hal_adc.o
LOAD ./system/src/stm32f4-hal/stm32f4xx_hal_cortex.o
LOAD ./system/src/stm32f4-hal/stm32f4xx_hal_dac.o
LOAD ./system/src/stm32f4-hal/stm32f4xx_hal_flash.o
LOAD ./system/src/stm32f4-hal/stm32f4xx_hal_gpio.o
LOAD ./system/src/stm32f4-hal/stm32f4xx_hal_iwdg.o
LOAD ./system/src/stm32f4-hal/stm32f4xx_hal_pwr.o
LOAD ./system/src/stm32f4-hal/stm32f4xx_hal_rcc.o
LOAD ./system/src/stm32f4-hal/stm32f4xx_hal_tim.o
LOAD ./system/src/stm32f4-hal/stm32f4xx_hal_tim_ex.o
LOAD ./system/src/stm32f4-hal/stm32f4xx_hal_usart.o
LOAD ./system/src/newlib/_cxx.o
LOAD ./system/src/newlib/_exit.o
LOAD ./system/src/newlib/_sbrk.o
LOAD ./system/src/newlib/_startup.o
LOAD ./system/src/newlib/_syscalls.o
LOAD ./system/src/newlib/assert.o
LOAD ./system/src/diag/Trace.o
LOAD ./system/src/diag/trace_impl.o
LOAD ./system/src/cortexm/_initialize_hardware.o
LOAD ./system/src/cortexm/_reset_hardware.o
LOAD ./system/src/cortexm/exception_handlers.o
LOAD ./system/src/cmsis/system_stm32f4xx.o
LOAD ./system/src/cmsis/vectors_stm32f407xx.o
LOAD ./src/Support_ADC_basic_1_4b.o
LOAD ./src/Support_DAC_basic_1_2b.o
LOAD ./src/Support_Pins_1_3b.o
LOAD ./src/Support_Plotting_1_1.o
LOAD ./src/Support_USART_1_7b.o
LOAD ./src/WP_packet_support_1_0.o
LOAD ./src/_initialize_hardware.o
LOAD ./src/_write.o
LOAD ./src/main.o
LOAD ./src/stm32f4xx_hal_msp.o
LOAD ./src/syscalls_1_3.o
LOAD c:/users/kurt/desktop/gnu_arm_toolchain/gcc-arm-none-eabi/bin/../lib/gcc/arm-none-eabi/5.4.1/../../../../arm-none-eabi/lib/armv7e-m\libstdc++_nano.a
LOAD c:/users/kurt/desktop/gnu_arm_toolchain/gcc-arm-none-eabi/bin/../lib/gcc/arm-none-eabi/5.4.1/../../../../arm-none-eabi/lib/armv7e-m\libm.a
START GROUP
LOAD c:/users/kurt/desktop/gnu_arm_toolchain/gcc-arm-none-eabi/bin/../lib/gcc/arm-none-eabi/5.4.1/armv7e-m\libgcc.a
LOAD c:/users/kurt/desktop/gnu_arm_toolchain/gcc-arm-none-eabi/bin/../lib/gcc/arm-none-eabi/5.4.1/../../../../arm-none-eabi/lib/armv7e-m\libg_nano.a
LOAD c:/users/kurt/desktop/gnu_arm_toolchain/gcc-arm-none-eabi/bin/../lib/gcc/arm-none-eabi/5.4.1/../../../../arm-none-eabi/lib/armv7e-m\libc_nano.a
END GROUP
START GROUP
LOAD c:/users/kurt/desktop/gnu_arm_toolchain/gcc-arm-none-eabi/bin/../lib/gcc/arm-none-eabi/5.4.1/armv7e-m\libgcc.a
LOAD c:/users/kurt/desktop/gnu_arm_toolchain/gcc-arm-none-eabi/bin/../lib/gcc/arm-none-eabi/5.4.1/../../../../arm-none-eabi/lib/armv7e-m\libc_nano.a
END GROUP
                0x20020000                __stack = (ORIGIN (RAM) + LENGTH (RAM))
                0x20020000                _estack = __stack
                0x00000400                __Main_Stack_Size = 0x400
                [!provide]                PROVIDE (_Main_Stack_Size, __Main_Stack_Size)
                0x2001fc00                __Main_Stack_Limit = (__stack - __Main_Stack_Size)
                [!provide]                PROVIDE (_Main_Stack_Limit, __Main_Stack_Limit)
                0x00000100                _Minimum_Stack_Size = 0x100
                0x20000400                PROVIDE (_Heap_Begin, _end_noinit)
                0x2001fc00                PROVIDE (_Heap_Limit, (__stack - __Main_Stack_Size))

.isr_vector     0x08000000      0x3ec
 FILL mask 0xff
                0x08000000                __vectors_start = ABSOLUTE (.)
                0x08000000                __vectors_start__ = ABSOLUTE (.)
 *(.isr_vector)
 .isr_vector    0x08000000      0x188 ./system/src/cmsis/vectors_stm32f407xx.o
                0x08000000                __isr_vectors
 *(.cfmconfig)
 *(.after_vectors .after_vectors.*)
 .after_vectors
                0x08000188      0x130 ./system/src/newlib/_startup.o
                0x08000188                _start
 .after_vectors
                0x080002b8      0x130 ./system/src/cortexm/exception_handlers.o
                0x080002b8                Reset_Handler
                0x080002c0                NMI_Handler
                0x080002c4                HardFault_Handler
                0x080002d8                HardFault_Handler_C
                0x08000338                MemManage_Handler
                0x0800033c                BusFault_Handler
                0x08000350                BusFault_Handler_C
                0x08000384                UsageFault_Handler
                0x08000398                UsageFault_Handler_C
                0x080003cc                SVC_Handler
                0x080003d0                DebugMon_Handler
                0x080003d4                PendSV_Handler
                0x080003d8                SysTick_Handler
 .after_vectors
                0x080003e8        0x4 ./system/src/cmsis/vectors_stm32f407xx.o
                0x080003e8                RTC_Alarm_IRQHandler
                0x080003e8                HASH_RNG_IRQHandler
                0x080003e8                EXTI2_IRQHandler
                0x080003e8                TIM8_CC_IRQHandler
                0x080003e8                TIM1_CC_IRQHandler
                0x080003e8                DMA2_Stream5_IRQHandler
                0x080003e8                DMA1_Stream5_IRQHandler
                0x080003e8                PVD_IRQHandler
                0x080003e8                SDIO_IRQHandler
                0x080003e8                TAMP_STAMP_IRQHandler
                0x080003e8                CAN2_RX1_IRQHandler
                0x080003e8                EXTI3_IRQHandler
                0x080003e8                TIM8_TRG_COM_TIM14_IRQHandler
                0x080003e8                TIM1_UP_TIM10_IRQHandler
                0x080003e8                TIM8_UP_TIM13_IRQHandler
                0x080003e8                I2C3_ER_IRQHandler
                0x080003e8                EXTI0_IRQHandler
                0x080003e8                I2C2_EV_IRQHandler
                0x080003e8                DMA1_Stream2_IRQHandler
                0x080003e8                CAN1_RX0_IRQHandler
                0x080003e8                FPU_IRQHandler
                0x080003e8                OTG_HS_WKUP_IRQHandler
                0x080003e8                CAN2_SCE_IRQHandler
                0x080003e8                DMA2_Stream2_IRQHandler
                0x080003e8                SPI1_IRQHandler
                0x080003e8                TIM6_DAC_IRQHandler
                0x080003e8                TIM1_BRK_TIM9_IRQHandler
                0x080003e8                DCMI_IRQHandler
                0x080003e8                CAN2_RX0_IRQHandler
                0x080003e8                DMA2_Stream3_IRQHandler
                0x080003e8                USART6_IRQHandler
                0x080003e8                CAN1_RX1_IRQHandler
                0x080003e8                UART5_IRQHandler
                0x080003e8                DMA2_Stream0_IRQHandler
                0x080003e8                TIM4_IRQHandler
                0x080003e8                I2C1_EV_IRQHandler
                0x080003e8                DMA1_Stream6_IRQHandler
                0x080003e8                DMA1_Stream1_IRQHandler
                0x080003e8                UART4_IRQHandler
                0x080003e8                TIM3_IRQHandler
                0x080003e8                RCC_IRQHandler
                0x080003e8                TIM8_BRK_TIM12_IRQHandler
                0x080003e8                Default_Handler
                0x080003e8                EXTI15_10_IRQHandler
                0x080003e8                DMA1_Stream7_IRQHandler
                0x080003e8                TIM7_IRQHandler
                0x080003e8                CAN2_TX_IRQHandler
                0x080003e8                DMA2_Stream7_IRQHandler
                0x080003e8                I2C3_EV_IRQHandler
                0x080003e8                EXTI9_5_IRQHandler
                0x080003e8                RTC_WKUP_IRQHandler
                0x080003e8                ETH_WKUP_IRQHandler
                0x080003e8                SPI2_IRQHandler
                0x080003e8                OTG_HS_EP1_IN_IRQHandler
                0x080003e8                DMA1_Stream0_IRQHandler
                0x080003e8                CAN1_TX_IRQHandler
                0x080003e8                EXTI4_IRQHandler
                0x080003e8                ETH_IRQHandler
                0x080003e8                OTG_HS_EP1_OUT_IRQHandler
                0x080003e8                WWDG_IRQHandler
                0x080003e8                OTG_FS_WKUP_IRQHandler
                0x080003e8                TIM1_TRG_COM_TIM11_IRQHandler
                0x080003e8                OTG_HS_IRQHandler
                0x080003e8                EXTI1_IRQHandler
                0x080003e8                USART2_IRQHandler
                0x080003e8                I2C2_ER_IRQHandler
                0x080003e8                DMA2_Stream1_IRQHandler
                0x080003e8                CAN1_SCE_IRQHandler
                0x080003e8                FLASH_IRQHandler
                0x080003e8                DMA2_Stream4_IRQHandler
                0x080003e8                USART1_IRQHandler
                0x080003e8                OTG_FS_IRQHandler
                0x080003e8                SPI3_IRQHandler
                0x080003e8                DMA1_Stream4_IRQHandler
                0x080003e8                I2C1_ER_IRQHandler
                0x080003e8                FMC_IRQHandler
                0x080003e8                DMA2_Stream6_IRQHandler
                0x080003e8                DMA1_Stream3_IRQHandler

.inits          0x080003ec       0x28
                0x080003ec                __data_regions_array_start = .
                0x080003ec        0x4 LONG 0x8002c64 LOADADDR (.data)
                0x080003f0        0x4 LONG 0x20000000 ADDR (.data)
                0x080003f4        0x4 LONG 0x20000078 (ADDR (.data) + SIZEOF (.data))
                0x080003f8        0x4 LONG 0x8002c64 LOADADDR (.data_CCMRAM)
                0x080003fc        0x4 LONG 0x10000000 ADDR (.data_CCMRAM)
                0x08000400        0x4 LONG 0x10000000 (ADDR (.data_CCMRAM) + SIZEOF (.data_CCMRAM))
                0x08000404                __data_regions_array_end = .
                0x08000404                __bss_regions_array_start = .
                0x08000404        0x4 LONG 0x20000078 ADDR (.bss)
                0x08000408        0x4 LONG 0x20000400 (ADDR (.bss) + SIZEOF (.bss))
                0x0800040c        0x4 LONG 0x10000000 ADDR (.bss_CCMRAM)
                0x08000410        0x4 LONG 0x10000000 (ADDR (.bss_CCMRAM) + SIZEOF (.bss_CCMRAM))
                0x08000414                __bss_regions_array_end = .
 *(.init)
 *(.fini)
                0x08000414                . = ALIGN (0x4)
                0x08000414                PROVIDE (__preinit_array_start, .)
 *(.preinit_array_sysinit .preinit_array_sysinit.*)
 *(.preinit_array_platform .preinit_array_platform.*)
 *(.preinit_array .preinit_array.*)
                0x08000414                PROVIDE (__preinit_array_end, .)
                0x08000414                . = ALIGN (0x4)
                0x08000414                PROVIDE (__init_array_start, .)
 *(SORT(.init_array.*))
 *(.init_array)
                0x08000414                PROVIDE (__init_array_end, .)
                0x08000414                . = ALIGN (0x4)
                0x08000414                PROVIDE (__fini_array_start, .)
 *(SORT(.fini_array.*))
 *(.fini_array)
                0x08000414                PROVIDE (__fini_array_end, .)

.flashtext
 *(.flashtext .flashtext.*)

.text           0x08000420     0x2843
 *(.text .text.*)
 .text.HAL_InitTick
                0x08000420       0x28 ./system/src/stm32f4-hal/stm32f4xx_hal.o
                0x08000420                HAL_InitTick
 .text.HAL_Init
                0x08000448       0x34 ./system/src/stm32f4-hal/stm32f4xx_hal.o
                0x08000448                HAL_Init
 .text.HAL_GetTick
                0x0800047c        0xc ./system/src/stm32f4-hal/stm32f4xx_hal.o
                0x0800047c                HAL_GetTick
 .text.HAL_NVIC_SetPriorityGrouping
                0x08000488       0x3c ./system/src/stm32f4-hal/stm32f4xx_hal_cortex.o
                0x08000488                HAL_NVIC_SetPriorityGrouping
 .text.HAL_NVIC_SetPriority
                0x080004c4       0x84 ./system/src/stm32f4-hal/stm32f4xx_hal_cortex.o
                0x080004c4                HAL_NVIC_SetPriority
 .text.HAL_NVIC_EnableIRQ
                0x08000548       0x2c ./system/src/stm32f4-hal/stm32f4xx_hal_cortex.o
                0x08000548                HAL_NVIC_EnableIRQ
 .text.HAL_SYSTICK_Config
                0x08000574       0x2c ./system/src/stm32f4-hal/stm32f4xx_hal_cortex.o
                0x08000574                HAL_SYSTICK_Config
 .text.HAL_SYSTICK_CLKSourceConfig
                0x080005a0       0x38 ./system/src/stm32f4-hal/stm32f4xx_hal_cortex.o
                0x080005a0                HAL_SYSTICK_CLKSourceConfig
 .text.HAL_RCC_OscConfig
                0x080005d8      0x448 ./system/src/stm32f4-hal/stm32f4xx_hal_rcc.o
                0x080005d8                HAL_RCC_OscConfig
 .text.HAL_RCC_ClockConfig
                0x08000a20      0x22c ./system/src/stm32f4-hal/stm32f4xx_hal_rcc.o
                0x08000a20                HAL_RCC_ClockConfig
 .text.HAL_RCC_GetSysClockFreq
                0x08000c4c       0xa0 ./system/src/stm32f4-hal/stm32f4xx_hal_rcc.o
                0x08000c4c                HAL_RCC_GetSysClockFreq
 .text.HAL_RCC_GetHCLKFreq
                0x08000cec       0x34 ./system/src/stm32f4-hal/stm32f4xx_hal_rcc.o
                0x08000cec                HAL_RCC_GetHCLKFreq
 .text._exit    0x08000d20        0x4 ./system/src/newlib/_exit.o
                0x08000d20                _exit
 .text._sbrk    0x08000d24       0x44 ./system/src/newlib/_sbrk.o
                0x08000d24                _sbrk
 .text.__initialize_args
                0x08000d68       0x10 ./system/src/newlib/_syscalls.o
                0x08000d68                __initialize_args
 .text.assert_failed
                0x08000d78       0x14 ./system/src/newlib/assert.o
                0x08000d78                assert_failed
 .text.trace_printf
                0x08000d8c       0x30 ./system/src/diag/Trace.o
                0x08000d8c                trace_printf
 .text._trace_write_semihosting_debug
                0x08000dbc       0x64 ./system/src/diag/trace_impl.o
 .text.trace_write
                0x08000e20        0x8 ./system/src/diag/trace_impl.o
                0x08000e20                trace_write
 .text.__initialize_hardware_early
                0x08000e28       0x18 ./system/src/cortexm/_initialize_hardware.o
                0x08000e28                __initialize_hardware_early
 .text.dumpExceptionStack
                0x08000e40       0xf0 ./system/src/cortexm/exception_handlers.o
                0x08000e40                dumpExceptionStack
 .text.isSemihosting
                0x08000f30       0x20 ./system/src/cortexm/exception_handlers.o
                0x08000f30                isSemihosting
 .text.SystemInit
                0x08000f50       0x40 ./system/src/cmsis/system_stm32f4xx.o
                0x08000f50                SystemInit
 .text.SystemCoreClockUpdate
                0x08000f90       0xa0 ./system/src/cmsis/system_stm32f4xx.o
                0x08000f90                SystemCoreClockUpdate
 .text.ADC_ISR_X
                0x08001030        0x4 ./src/Support_ADC_basic_1_4b.o
                0x08001030                ADC_ISR_X
 .text.ADC_IRQHandler
                0x08001034       0x94 ./src/Support_ADC_basic_1_4b.o
                0x08001034                ADC_IRQHandler
 .text.TIM5_IRQHandler
                0x080010c8       0x30 ./src/Support_ADC_basic_1_4b.o
                0x080010c8                TIM5_IRQHandler
 .text.DAC_ISR_X
                0x080010f8        0x4 ./src/Support_DAC_basic_1_2b.o
                0x080010f8                DAC_ISR_X
 .text.TIM2_IRQHandler
                0x080010fc       0x80 ./src/Support_DAC_basic_1_2b.o
                0x080010fc                TIM2_IRQHandler
 .text.USART_Fifo_Put
                0x0800117c       0x34 ./src/Support_USART_1_7b.o
                0x0800117c                USART_Fifo_Put
 .text.USART_Fifo_Get
                0x080011b0       0x34 ./src/Support_USART_1_7b.o
                0x080011b0                USART_Fifo_Get
 .text.USART_Fifo_Size
                0x080011e4       0x1c ./src/Support_USART_1_7b.o
                0x080011e4                USART_Fifo_Size
 .text.USART_initialize
                0x08001200       0xdc ./src/Support_USART_1_7b.o
                0x08001200                USART_initialize
 .text.USART_Send_Actual
                0x080012dc       0x14 ./src/Support_USART_1_7b.o
                0x080012dc                USART_Send_Actual
 .text.USART_Read
                0x080012f0       0x38 ./src/Support_USART_1_7b.o
                0x080012f0                USART_Read
 .text.USART3_IRQHandler
                0x08001328       0x70 ./src/Support_USART_1_7b.o
                0x08001328                USART3_IRQHandler
 .text.GetPacket
                0x08001398      0x108 ./src/WP_packet_support_1_0.o
                0x08001398                GetPacket
 .text.SendProtectedSOH
                0x080014a0       0x14 ./src/WP_packet_support_1_0.o
                0x080014a0                SendProtectedSOH
 .text.SendPacket
                0x080014b4       0x3c ./src/WP_packet_support_1_0.o
                0x080014b4                SendPacket
 .text.SystemClock_Config
                0x080014f0       0x9c ./src/_initialize_hardware.o
                0x080014f0                SystemClock_Config
 .text.__initialize_hardware
                0x0800158c       0x10 ./src/_initialize_hardware.o
                0x0800158c                __initialize_hardware
 .text.main     0x0800159c       0x30 ./src/main.o
                0x0800159c                main
 .text.HAL_MspInit
                0x080015cc        0x4 ./src/stm32f4xx_hal_msp.o
                0x080015cc                HAL_MspInit
 .text.SendToRemote
                0x080015d0        0x8 ./src/syscalls_1_3.o
                0x080015d0                SendToRemote
 .text.ReceiveFromRemote
                0x080015d8        0x8 ./src/syscalls_1_3.o
                0x080015d8                ReceiveFromRemote
 .text.mySleep  0x080015e0        0x4 ./src/syscalls_1_3.o
                0x080015e0                mySleep
 .text._fstat   0x080015e4        0xc ./src/syscalls_1_3.o
                0x080015e4                _fstat
 .text._isatty  0x080015f0        0x4 ./src/syscalls_1_3.o
                0x080015f0                _isatty
 .text._lseek   0x080015f4        0x4 ./src/syscalls_1_3.o
                0x080015f4                _lseek
 .text._write   0x080015f8       0x10 ./src/syscalls_1_3.o
                0x080015f8                _write
 .text._close   0x08001608       0x2c ./src/syscalls_1_3.o
                0x08001608                _close
 .text._read    0x08001634       0x44 ./src/syscalls_1_3.o
                0x08001634                _read
 .text.abort    0x08001678        0x4 ./src/syscalls_1_3.o
                0x08001678                abort
 .text.__errno  0x0800167c        0xc c:/users/kurt/desktop/gnu_arm_toolchain/gcc-arm-none-eabi/bin/../lib/gcc/arm-none-eabi/5.4.1/../../../../arm-none-eabi/lib/armv7e-m\libg_nano.a(lib_a-errno.o)
                0x0800167c                __errno
 .text.printf   0x08001688       0x30 c:/users/kurt/desktop/gnu_arm_toolchain/gcc-arm-none-eabi/bin/../lib/gcc/arm-none-eabi/5.4.1/../../../../arm-none-eabi/lib/armv7e-m\libg_nano.a(lib_a-printf.o)
                0x08001688                iprintf
                0x08001688                printf
 .text.sprintf  0x080016b8       0x48 c:/users/kurt/desktop/gnu_arm_toolchain/gcc-arm-none-eabi/bin/../lib/gcc/arm-none-eabi/5.4.1/../../../../arm-none-eabi/lib/armv7e-m\libg_nano.a(lib_a-sprintf.o)
                0x080016b8                siprintf
                0x080016b8                sprintf
 .text          0x08001700       0x10 c:/users/kurt/desktop/gnu_arm_toolchain/gcc-arm-none-eabi/bin/../lib/gcc/arm-none-eabi/5.4.1/../../../../arm-none-eabi/lib/armv7e-m\libg_nano.a(lib_a-strlen.o)
                0x08001700                strlen
 .text._vsnprintf_r
                0x08001710       0x56 c:/users/kurt/desktop/gnu_arm_toolchain/gcc-arm-none-eabi/bin/../lib/gcc/arm-none-eabi/5.4.1/../../../../arm-none-eabi/lib/armv7e-m\libg_nano.a(lib_a-vsnprintf.o)
                0x08001710                _vsniprintf_r
                0x08001710                _vsnprintf_r
 *fill*         0x08001766        0x2 
 .text.vsnprintf
                0x08001768       0x1c c:/users/kurt/desktop/gnu_arm_toolchain/gcc-arm-none-eabi/bin/../lib/gcc/arm-none-eabi/5.4.1/../../../../arm-none-eabi/lib/armv7e-m\libg_nano.a(lib_a-vsnprintf.o)
                0x08001768                vsniprintf
                0x08001768                vsnprintf
 .text._cleanup_r
                0x08001784        0xc c:/users/kurt/desktop/gnu_arm_toolchain/gcc-arm-none-eabi/bin/../lib/gcc/arm-none-eabi/5.4.1/../../../../arm-none-eabi/lib/armv7e-m\libg_nano.a(lib_a-findfp.o)
                0x08001784                _cleanup_r
 .text.std.isra.0
                0x08001790       0x48 c:/users/kurt/desktop/gnu_arm_toolchain/gcc-arm-none-eabi/bin/../lib/gcc/arm-none-eabi/5.4.1/../../../../arm-none-eabi/lib/armv7e-m\libg_nano.a(lib_a-findfp.o)
 .text.__sfmoreglue
                0x080017d8       0x2c c:/users/kurt/desktop/gnu_arm_toolchain/gcc-arm-none-eabi/bin/../lib/gcc/arm-none-eabi/5.4.1/../../../../arm-none-eabi/lib/armv7e-m\libg_nano.a(lib_a-findfp.o)
                0x080017d8                __sfmoreglue
 .text.__sinit  0x08001804       0x60 c:/users/kurt/desktop/gnu_arm_toolchain/gcc-arm-none-eabi/bin/../lib/gcc/arm-none-eabi/5.4.1/../../../../arm-none-eabi/lib/armv7e-m\libg_nano.a(lib_a-findfp.o)
                0x08001804                __sinit
 .text.__sfp    0x08001864       0x78 c:/users/kurt/desktop/gnu_arm_toolchain/gcc-arm-none-eabi/bin/../lib/gcc/arm-none-eabi/5.4.1/../../../../arm-none-eabi/lib/armv7e-m\libg_nano.a(lib_a-findfp.o)
                0x08001864                __sfp
 .text._fwalk_reent
                0x080018dc       0x3c c:/users/kurt/desktop/gnu_arm_toolchain/gcc-arm-none-eabi/bin/../lib/gcc/arm-none-eabi/5.4.1/../../../../arm-none-eabi/lib/armv7e-m\libg_nano.a(lib_a-fwalk.o)
                0x080018dc                _fwalk_reent
 .text.memset   0x08001918       0x10 c:/users/kurt/desktop/gnu_arm_toolchain/gcc-arm-none-eabi/bin/../lib/gcc/arm-none-eabi/5.4.1/../../../../arm-none-eabi/lib/armv7e-m\libg_nano.a(lib_a-memset.o)
                0x08001918                memset
 .text._malloc_r
                0x08001928       0xbc c:/users/kurt/desktop/gnu_arm_toolchain/gcc-arm-none-eabi/bin/../lib/gcc/arm-none-eabi/5.4.1/../../../../arm-none-eabi/lib/armv7e-m\libg_nano.a(lib_a-nano-mallocr.o)
                0x08001928                _malloc_r
 .text.__ssputs_r
                0x080019e4       0xb2 c:/users/kurt/desktop/gnu_arm_toolchain/gcc-arm-none-eabi/bin/../lib/gcc/arm-none-eabi/5.4.1/../../../../arm-none-eabi/lib/armv7e-m\libg_nano.a(lib_a-nano-svfprintf.o)
                0x080019e4                __ssputs_r
 *fill*         0x08001a96        0x2 
 .text._svfprintf_r
                0x08001a98      0x1e8 c:/users/kurt/desktop/gnu_arm_toolchain/gcc-arm-none-eabi/bin/../lib/gcc/arm-none-eabi/5.4.1/../../../../arm-none-eabi/lib/armv7e-m\libg_nano.a(lib_a-nano-svfprintf.o)
                0x08001a98                _svfiprintf_r
                0x08001a98                _svfprintf_r
 .text.__sfputc_r
                0x08001c80       0x2c c:/users/kurt/desktop/gnu_arm_toolchain/gcc-arm-none-eabi/bin/../lib/gcc/arm-none-eabi/5.4.1/../../../../arm-none-eabi/lib/armv7e-m\libg_nano.a(lib_a-nano-vfprintf.o)
 .text.__sfputs_r
                0x08001cac       0x24 c:/users/kurt/desktop/gnu_arm_toolchain/gcc-arm-none-eabi/bin/../lib/gcc/arm-none-eabi/5.4.1/../../../../arm-none-eabi/lib/armv7e-m\libg_nano.a(lib_a-nano-vfprintf.o)
                0x08001cac                __sfputs_r
 .text._vfprintf_r
                0x08001cd0      0x238 c:/users/kurt/desktop/gnu_arm_toolchain/gcc-arm-none-eabi/bin/../lib/gcc/arm-none-eabi/5.4.1/../../../../arm-none-eabi/lib/armv7e-m\libg_nano.a(lib_a-nano-vfprintf.o)
                0x08001cd0                _vfprintf_r
                0x08001cd0                _vfiprintf_r
 .text._printf_common
                0x08001f08       0xec c:/users/kurt/desktop/gnu_arm_toolchain/gcc-arm-none-eabi/bin/../lib/gcc/arm-none-eabi/5.4.1/../../../../arm-none-eabi/lib/armv7e-m\libg_nano.a(lib_a-nano-vfprintf_i.o)
                0x08001f08                _printf_common
 .text._printf_i
                0x08001ff4      0x24c c:/users/kurt/desktop/gnu_arm_toolchain/gcc-arm-none-eabi/bin/../lib/gcc/arm-none-eabi/5.4.1/../../../../arm-none-eabi/lib/armv7e-m\libg_nano.a(lib_a-nano-vfprintf_i.o)
                0x08001ff4                _printf_i
 .text._sbrk_r  0x08002240       0x20 c:/users/kurt/desktop/gnu_arm_toolchain/gcc-arm-none-eabi/bin/../lib/gcc/arm-none-eabi/5.4.1/../../../../arm-none-eabi/lib/armv7e-m\libg_nano.a(lib_a-sbrkr.o)
                0x08002240                _sbrk_r
 .text.__sread  0x08002260       0x22 c:/users/kurt/desktop/gnu_arm_toolchain/gcc-arm-none-eabi/bin/../lib/gcc/arm-none-eabi/5.4.1/../../../../arm-none-eabi/lib/armv7e-m\libg_nano.a(lib_a-stdio.o)
                0x08002260                __sread
 .text.__swrite
                0x08002282       0x38 c:/users/kurt/desktop/gnu_arm_toolchain/gcc-arm-none-eabi/bin/../lib/gcc/arm-none-eabi/5.4.1/../../../../arm-none-eabi/lib/armv7e-m\libg_nano.a(lib_a-stdio.o)
                0x08002282                __swrite
 .text.__sseek  0x080022ba       0x24 c:/users/kurt/desktop/gnu_arm_toolchain/gcc-arm-none-eabi/bin/../lib/gcc/arm-none-eabi/5.4.1/../../../../arm-none-eabi/lib/armv7e-m\libg_nano.a(lib_a-stdio.o)
                0x080022ba                __sseek
 .text.__sclose
                0x080022de        0x8 c:/users/kurt/desktop/gnu_arm_toolchain/gcc-arm-none-eabi/bin/../lib/gcc/arm-none-eabi/5.4.1/../../../../arm-none-eabi/lib/armv7e-m\libg_nano.a(lib_a-stdio.o)
                0x080022de                __sclose
 *fill*         0x080022e6        0x2 
 .text.__swbuf_r
                0x080022e8       0xa8 c:/users/kurt/desktop/gnu_arm_toolchain/gcc-arm-none-eabi/bin/../lib/gcc/arm-none-eabi/5.4.1/../../../../arm-none-eabi/lib/armv7e-m\libg_nano.a(lib_a-wbuf.o)
                0x080022e8                __swbuf_r
 .text._write_r
                0x08002390       0x24 c:/users/kurt/desktop/gnu_arm_toolchain/gcc-arm-none-eabi/bin/../lib/gcc/arm-none-eabi/5.4.1/../../../../arm-none-eabi/lib/armv7e-m\libg_nano.a(lib_a-writer.o)
                0x08002390                _write_r
 .text.__swsetup_r
                0x080023b4       0xdc c:/users/kurt/desktop/gnu_arm_toolchain/gcc-arm-none-eabi/bin/../lib/gcc/arm-none-eabi/5.4.1/../../../../arm-none-eabi/lib/armv7e-m\libg_nano.a(lib_a-wsetup.o)
                0x080023b4                __swsetup_r
 .text._close_r
                0x08002490       0x20 c:/users/kurt/desktop/gnu_arm_toolchain/gcc-arm-none-eabi/bin/../lib/gcc/arm-none-eabi/5.4.1/../../../../arm-none-eabi/lib/armv7e-m\libg_nano.a(lib_a-closer.o)
                0x08002490                _close_r
 .text.__sflush_r
                0x080024b0      0x110 c:/users/kurt/desktop/gnu_arm_toolchain/gcc-arm-none-eabi/bin/../lib/gcc/arm-none-eabi/5.4.1/../../../../arm-none-eabi/lib/armv7e-m\libg_nano.a(lib_a-fflush.o)
                0x080024b0                __sflush_r
 .text._fflush_r
                0x080025c0       0x54 c:/users/kurt/desktop/gnu_arm_toolchain/gcc-arm-none-eabi/bin/../lib/gcc/arm-none-eabi/5.4.1/../../../../arm-none-eabi/lib/armv7e-m\libg_nano.a(lib_a-fflush.o)
                0x080025c0                _fflush_r
 .text._lseek_r
                0x08002614       0x24 c:/users/kurt/desktop/gnu_arm_toolchain/gcc-arm-none-eabi/bin/../lib/gcc/arm-none-eabi/5.4.1/../../../../arm-none-eabi/lib/armv7e-m\libg_nano.a(lib_a-lseekr.o)
                0x08002614                _lseek_r
 .text.__swhatbuf_r
                0x08002638       0x46 c:/users/kurt/desktop/gnu_arm_toolchain/gcc-arm-none-eabi/bin/../lib/gcc/arm-none-eabi/5.4.1/../../../../arm-none-eabi/lib/armv7e-m\libg_nano.a(lib_a-makebuf.o)
                0x08002638                __swhatbuf_r
 *fill*         0x0800267e        0x2 
 .text.__smakebuf_r
                0x08002680       0x78 c:/users/kurt/desktop/gnu_arm_toolchain/gcc-arm-none-eabi/bin/../lib/gcc/arm-none-eabi/5.4.1/../../../../arm-none-eabi/lib/armv7e-m\libg_nano.a(lib_a-makebuf.o)
                0x08002680                __smakebuf_r
 *fill*         0x080026f8        0x8 
 .text          0x08002700       0xa0 c:/users/kurt/desktop/gnu_arm_toolchain/gcc-arm-none-eabi/bin/../lib/gcc/arm-none-eabi/5.4.1/../../../../arm-none-eabi/lib/armv7e-m\libg_nano.a(lib_a-memchr.o)
                0x08002700                memchr
 .text.memcpy   0x080027a0       0x16 c:/users/kurt/desktop/gnu_arm_toolchain/gcc-arm-none-eabi/bin/../lib/gcc/arm-none-eabi/5.4.1/../../../../arm-none-eabi/lib/armv7e-m\libg_nano.a(lib_a-memcpy-stub.o)
                0x080027a0                memcpy
 .text.memmove  0x080027b6       0x36 c:/users/kurt/desktop/gnu_arm_toolchain/gcc-arm-none-eabi/bin/../lib/gcc/arm-none-eabi/5.4.1/../../../../arm-none-eabi/lib/armv7e-m\libg_nano.a(lib_a-memmove.o)
                0x080027b6                memmove
 .text.__malloc_lock
                0x080027ec        0x2 c:/users/kurt/desktop/gnu_arm_toolchain/gcc-arm-none-eabi/bin/../lib/gcc/arm-none-eabi/5.4.1/../../../../arm-none-eabi/lib/armv7e-m\libg_nano.a(lib_a-mlock.o)
                0x080027ec                __malloc_lock
 .text.__malloc_unlock
                0x080027ee        0x2 c:/users/kurt/desktop/gnu_arm_toolchain/gcc-arm-none-eabi/bin/../lib/gcc/arm-none-eabi/5.4.1/../../../../arm-none-eabi/lib/armv7e-m\libg_nano.a(lib_a-mlock.o)
                0x080027ee                __malloc_unlock
 .text._free_r  0x080027f0       0x9c c:/users/kurt/desktop/gnu_arm_toolchain/gcc-arm-none-eabi/bin/../lib/gcc/arm-none-eabi/5.4.1/../../../../arm-none-eabi/lib/armv7e-m\libg_nano.a(lib_a-nano-freer.o)
                0x080027f0                _free_r
 .text._realloc_r
                0x0800288c       0x4c c:/users/kurt/desktop/gnu_arm_toolchain/gcc-arm-none-eabi/bin/../lib/gcc/arm-none-eabi/5.4.1/../../../../arm-none-eabi/lib/armv7e-m\libg_nano.a(lib_a-nano-reallocr.o)
                0x0800288c                _realloc_r
 .text._read_r  0x080028d8       0x24 c:/users/kurt/desktop/gnu_arm_toolchain/gcc-arm-none-eabi/bin/../lib/gcc/arm-none-eabi/5.4.1/../../../../arm-none-eabi/lib/armv7e-m\libg_nano.a(lib_a-readr.o)
                0x080028d8                _read_r
 .text._fstat_r
                0x080028fc       0x24 c:/users/kurt/desktop/gnu_arm_toolchain/gcc-arm-none-eabi/bin/../lib/gcc/arm-none-eabi/5.4.1/../../../../arm-none-eabi/lib/armv7e-m\libg_nano.a(lib_a-fstatr.o)
                0x080028fc                _fstat_r
 .text._isatty_r
                0x08002920       0x20 c:/users/kurt/desktop/gnu_arm_toolchain/gcc-arm-none-eabi/bin/../lib/gcc/arm-none-eabi/5.4.1/../../../../arm-none-eabi/lib/armv7e-m\libg_nano.a(lib_a-isattyr.o)
                0x08002920                _isatty_r
 .text._malloc_usable_size_r
                0x08002940       0x14 c:/users/kurt/desktop/gnu_arm_toolchain/gcc-arm-none-eabi/bin/../lib/gcc/arm-none-eabi/5.4.1/../../../../arm-none-eabi/lib/armv7e-m\libg_nano.a(lib_a-nano-msizer.o)
                0x08002940                _malloc_usable_size_r
 *(.rodata .rodata.* .constdata .constdata.*)
 .rodata.str1.4
                0x08002954       0x31 ./system/src/stm32f4-hal/stm32f4xx_hal_cortex.o
 *fill*         0x08002985        0x3 
 .rodata.APBAHBPrescTable
                0x08002988       0x10 ./system/src/stm32f4-hal/stm32f4xx_hal_rcc.o
                0x08002988                APBAHBPrescTable
 .rodata.str1.4
                0x08002998       0x2e ./system/src/stm32f4-hal/stm32f4xx_hal_rcc.o
 *fill*         0x080029c6        0x2 
 .rodata.str1.4
                0x080029c8       0x6b ./system/src/newlib/assert.o
                                 0x6f (size before relaxing)
 *fill*         0x08002a33        0x1 
 .rodata.str1.4
                0x08002a34      0x146 ./system/src/cortexm/exception_handlers.o
 *fill*         0x08002b7a        0x2 
 .rodata.AHBPrescTable
                0x08002b7c       0x10 ./system/src/cmsis/system_stm32f4xx.o
                0x08002b7c                AHBPrescTable
 .rodata.str1.4
                0x08002b8c       0x10 ./src/WP_packet_support_1_0.o
 .rodata.str1.4
                0x08002b9c        0x8 ./src/main.o
 .rodata.str1.4
                0x08002ba4       0x28 ./src/syscalls_1_3.o
 .rodata._global_impure_ptr
                0x08002bcc        0x4 c:/users/kurt/desktop/gnu_arm_toolchain/gcc-arm-none-eabi/bin/../lib/gcc/arm-none-eabi/5.4.1/../../../../arm-none-eabi/lib/armv7e-m\libg_nano.a(lib_a-impure.o)
                0x08002bcc                _global_impure_ptr
 .rodata.__sf_fake_stdin
                0x08002bd0       0x20 c:/users/kurt/desktop/gnu_arm_toolchain/gcc-arm-none-eabi/bin/../lib/gcc/arm-none-eabi/5.4.1/../../../../arm-none-eabi/lib/armv7e-m\libg_nano.a(lib_a-findfp.o)
                0x08002bd0                __sf_fake_stdin
 .rodata.__sf_fake_stdout
                0x08002bf0       0x20 c:/users/kurt/desktop/gnu_arm_toolchain/gcc-arm-none-eabi/bin/../lib/gcc/arm-none-eabi/5.4.1/../../../../arm-none-eabi/lib/armv7e-m\libg_nano.a(lib_a-findfp.o)
                0x08002bf0                __sf_fake_stdout
 .rodata.__sf_fake_stderr
                0x08002c10       0x20 c:/users/kurt/desktop/gnu_arm_toolchain/gcc-arm-none-eabi/bin/../lib/gcc/arm-none-eabi/5.4.1/../../../../arm-none-eabi/lib/armv7e-m\libg_nano.a(lib_a-findfp.o)
                0x08002c10                __sf_fake_stderr
 .rodata.str1.1
                0x08002c30       0x11 c:/users/kurt/desktop/gnu_arm_toolchain/gcc-arm-none-eabi/bin/../lib/gcc/arm-none-eabi/5.4.1/../../../../arm-none-eabi/lib/armv7e-m\libg_nano.a(lib_a-nano-svfprintf.o)
 .rodata.str1.1
                0x08002c41       0x11 c:/users/kurt/desktop/gnu_arm_toolchain/gcc-arm-none-eabi/bin/../lib/gcc/arm-none-eabi/5.4.1/../../../../arm-none-eabi/lib/armv7e-m\libg_nano.a(lib_a-nano-vfprintf.o)
 .rodata.str1.1
                0x08002c41       0x22 c:/users/kurt/desktop/gnu_arm_toolchain/gcc-arm-none-eabi/bin/../lib/gcc/arm-none-eabi/5.4.1/../../../../arm-none-eabi/lib/armv7e-m\libg_nano.a(lib_a-nano-vfprintf_i.o)
 *(vtable)
 *(.eh_frame*)
 *(.glue_7)
 .glue_7        0x08002c63        0x0 linker stubs
 *(.glue_7t)
 .glue_7t       0x08002c63        0x0 linker stubs

.vfp11_veneer   0x08002c64        0x0
 .vfp11_veneer  0x08002c64        0x0 linker stubs

.v4_bx          0x08002c64        0x0
 .v4_bx         0x08002c64        0x0 linker stubs

.iplt           0x08002c64        0x0
 .iplt          0x08002c64        0x0 ./system/src/stm32f4-hal/stm32f4xx_hal.o

.rel.dyn        0x08002c64        0x0
 .rel.iplt      0x08002c64        0x0 ./system/src/stm32f4-hal/stm32f4xx_hal.o

.ARM.extab
 *(.ARM.extab* .gnu.linkonce.armextab.*)
                0x08002c64                . = ALIGN (0x4)
                0x08002c64                __exidx_start = .

.ARM.exidx
 *(.ARM.exidx* .gnu.linkonce.armexidx.*)
                0x08002c64                __exidx_end = .
                0x08002c64                . = ALIGN (0x4)
                0x08002c64                _etext = .
                0x08002c64                __etext = .

.data_CCMRAM    0x10000000        0x0 load address 0x08002c64
 FILL mask 0xff
 *(.data.CCMRAM .data.CCMRAM.*)
                0x10000000                . = ALIGN (0x4)
                0x08002c64                _sidata = LOADADDR (.data)

.data           0x20000000       0x78 load address 0x08002c64
 FILL mask 0xff
                0x20000000                _sdata = .
                0x20000000                __data_start__ = .
 *(.data_begin .data_begin.*)
 .data_begin    0x20000000        0x4 ./system/src/newlib/_startup.o
 *(.data .data.*)
 .data.argv.4290
                0x20000004        0x8 ./system/src/newlib/_syscalls.o
 .data.SystemCoreClock
                0x2000000c        0x4 ./system/src/cmsis/system_stm32f4xx.o
                0x2000000c                SystemCoreClock
 .data.impure_data
                0x20000010       0x60 c:/users/kurt/desktop/gnu_arm_toolchain/gcc-arm-none-eabi/bin/../lib/gcc/arm-none-eabi/5.4.1/../../../../arm-none-eabi/lib/armv7e-m\libg_nano.a(lib_a-impure.o)
 .data._impure_ptr
                0x20000070        0x4 c:/users/kurt/desktop/gnu_arm_toolchain/gcc-arm-none-eabi/bin/../lib/gcc/arm-none-eabi/5.4.1/../../../../arm-none-eabi/lib/armv7e-m\libg_nano.a(lib_a-impure.o)
                0x20000070                _impure_ptr
 *(.data_end .data_end.*)
 .data_end      0x20000074        0x4 ./system/src/newlib/_startup.o
                0x20000078                . = ALIGN (0x4)
                0x20000078                _edata = .
                0x20000078                __data_end__ = .

.igot.plt       0x20000078        0x0 load address 0x08002cdc
 .igot.plt      0x20000078        0x0 ./system/src/stm32f4-hal/stm32f4xx_hal.o

.bss_CCMRAM     0x10000000        0x0
 *(.bss.CCMRAM .bss.CCMRAM.*)

.bss            0x20000078      0x388
                0x20000078                __bss_start__ = .
                0x20000078                _sbss = .
 *(.bss_begin .bss_begin.*)
 .bss_begin     0x20000078        0x4 ./system/src/newlib/_startup.o
 *(.bss .bss.*)
 .bss.current_heap_end.3974
                0x2000007c        0x4 ./system/src/newlib/_sbrk.o
 .bss.name.4289
                0x20000080        0x1 ./system/src/newlib/_syscalls.o
 *fill*         0x20000081        0x3 
 .bss.buf.5179  0x20000084       0x80 ./system/src/diag/Trace.o
 .bss.USART_Fifo
                0x20000104      0x100 ./src/Support_USART_1_7b.o
 .bss.read_size
                0x20000204        0x2 ./src/WP_packet_support_1_0.o
 .bss.read_state
                0x20000206        0x2 ./src/WP_packet_support_1_0.o
 .bss.drchar_ctr
                0x20000208        0x2 ./src/WP_packet_support_1_0.o
 *fill*         0x2000020a        0x2 
 .bss.buffer_ptr
                0x2000020c        0x4 ./src/WP_packet_support_1_0.o
 .bss.read_SID  0x20000210        0x2 ./src/WP_packet_support_1_0.o
 *fill*         0x20000212        0x2 
 .bss.__malloc_sbrk_start
                0x20000214        0x4 c:/users/kurt/desktop/gnu_arm_toolchain/gcc-arm-none-eabi/bin/../lib/gcc/arm-none-eabi/5.4.1/../../../../arm-none-eabi/lib/armv7e-m\libg_nano.a(lib_a-nano-mallocr.o)
                0x20000214                __malloc_sbrk_start
 .bss.__malloc_free_list
                0x20000218        0x4 c:/users/kurt/desktop/gnu_arm_toolchain/gcc-arm-none-eabi/bin/../lib/gcc/arm-none-eabi/5.4.1/../../../../arm-none-eabi/lib/armv7e-m\libg_nano.a(lib_a-nano-mallocr.o)
                0x20000218                __malloc_free_list
 *(COMMON)
 COMMON         0x2000021c        0x4 ./system/src/stm32f4-hal/stm32f4xx_hal.o
                0x2000021c                uwTick
 COMMON         0x20000220        0x4 ./system/src/newlib/_syscalls.o
                0x20000220                errno
 COMMON         0x20000224       0x18 ./src/Support_ADC_basic_1_4b.o
                0x20000224                ADC_overrun_flag
                0x20000226                ADC2_value
                0x20000228                TIM5_MasterConfStructure
                0x20000230                ADC_ready_flag
                0x20000234                ADC_sample_counter
                0x20000238                ADC1_value
                0x2000023a                ADC3_value
 COMMON         0x2000023c       0x20 ./src/Support_DAC_basic_1_2b.o
                0x2000023c                DAC_ready_flag
                0x2000023e                DAC_overrun_flag
                0x20000240                DAC2_value
                0x20000244                TIM2_MasterConfStructure
                0x2000024c                DAC1_value
                0x20000250                DAC_sample_counter
                0x20000254                DAC1_sample_rate
                0x20000258                DAC1_Clock_Divider
 COMMON         0x2000025c       0x10 ./src/Support_USART_1_7b.o
                0x2000025c                USART_PutI
                0x20000260                EscapeFlag
                0x20000264                USART_GetI
                0x20000268                USART_flag
                0x2000026a                USART_char
 COMMON         0x2000026c      0x18d ./src/syscalls_1_3.o
                0x2000026c                USART_input_buffer
                0x2000036c                buffer_ptr
                0x20000370                flag
                0x20000374                command_string
                0x200003f4                sw
                0x200003f6                partial
                0x200003f8                value
 *(.bss_end .bss_end.*)
 *fill*         0x200003f9        0x3 
 .bss_end       0x200003fc        0x4 ./system/src/newlib/_startup.o
                0x20000400                . = ALIGN (0x4)
                0x20000400                __bss_end__ = .
                0x20000400                _ebss = .

.noinit_CCMRAM
 *(.noinit.CCMRAM .noinit.CCMRAM.*)

.noinit         0x20000400        0x0
                0x20000400                _noinit = .
 *(.noinit .noinit.*)
                0x20000400                . = ALIGN (0x4)
                0x20000400                _end_noinit = .
                [!provide]                PROVIDE (end, _end_noinit)
                [!provide]                PROVIDE (_end, _end_noinit)
                [!provide]                PROVIDE (__end, _end_noinit)
                [!provide]                PROVIDE (__end__, _end_noinit)

._check_stack   0x20000400      0x100
                0x20000500                . = (. + _Minimum_Stack_Size)
 *fill*         0x20000400      0x100 

.b1text
 *(.b1text)
 *(.b1rodata)
 *(.b1rodata.*)

.eb0text
 *(.eb0text)
 *(.eb0rodata)
 *(.eb0rodata.*)

.eb1text
 *(.eb1text)
 *(.eb1rodata)
 *(.eb1rodata.*)

.eb2text
 *(.eb2text)
 *(.eb2rodata)
 *(.eb2rodata.*)

.eb3text
 *(.eb3text)
 *(.eb3rodata)
 *(.eb3rodata.*)

.stab
 *(.stab)

.stabstr
 *(.stabstr)

.stab.excl
 *(.stab.excl)

.stab.exclstr
 *(.stab.exclstr)

.stab.index
 *(.stab.index)

.stab.indexstr
 *(.stab.indexstr)

.comment        0x00000000       0x6e
 *(.comment)
 .comment       0x00000000       0x6e ./system/src/stm32f4-hal/stm32f4xx_hal.o
                                 0x6f (size before relaxing)
 .comment       0x0000006e       0x6f ./system/src/stm32f4-hal/stm32f4xx_hal_cortex.o
 .comment       0x0000006e       0x6f ./system/src/stm32f4-hal/stm32f4xx_hal_rcc.o
 .comment       0x0000006e       0x6f ./system/src/newlib/_exit.o
 .comment       0x0000006e       0x6f ./system/src/newlib/_sbrk.o
 .comment       0x0000006e       0x6f ./system/src/newlib/_startup.o
 .comment       0x0000006e       0x6f ./system/src/newlib/_syscalls.o
 .comment       0x0000006e       0x6f ./system/src/newlib/assert.o
 .comment       0x0000006e       0x6f ./system/src/diag/Trace.o
 .comment       0x0000006e       0x6f ./system/src/diag/trace_impl.o
 .comment       0x0000006e       0x6f ./system/src/cortexm/_initialize_hardware.o
 .comment       0x0000006e       0x6f ./system/src/cortexm/exception_handlers.o
 .comment       0x0000006e       0x6f ./system/src/cmsis/system_stm32f4xx.o
 .comment       0x0000006e       0x6f ./system/src/cmsis/vectors_stm32f407xx.o
 .comment       0x0000006e       0x6f ./src/Support_ADC_basic_1_4b.o
 .comment       0x0000006e       0x6f ./src/Support_DAC_basic_1_2b.o
 .comment       0x0000006e       0x6f ./src/Support_USART_1_7b.o
 .comment       0x0000006e       0x6f ./src/WP_packet_support_1_0.o
 .comment       0x0000006e       0x6f ./src/_initialize_hardware.o
 .comment       0x0000006e       0x6f ./src/main.o
 .comment       0x0000006e       0x6f ./src/stm32f4xx_hal_msp.o
 .comment       0x0000006e       0x6f ./src/syscalls_1_3.o

.ARM.attributes
                0x00000000       0x31
 .ARM.attributes
                0x00000000       0x33 ./system/src/stm32f4-hal/stm32f4xx_hal.o
 .ARM.attributes
                0x00000033       0x33 ./system/src/stm32f4-hal/stm32f4xx_hal_cortex.o
 .ARM.attributes
                0x00000066       0x33 ./system/src/stm32f4-hal/stm32f4xx_hal_rcc.o
 .ARM.attributes
                0x00000099       0x33 ./system/src/newlib/_exit.o
 .ARM.attributes
                0x000000cc       0x33 ./system/src/newlib/_sbrk.o
 .ARM.attributes
                0x000000ff       0x33 ./system/src/newlib/_startup.o
 .ARM.attributes
                0x00000132       0x33 ./system/src/newlib/_syscalls.o
 .ARM.attributes
                0x00000165       0x33 ./system/src/newlib/assert.o
 .ARM.attributes
                0x00000198       0x33 ./system/src/diag/Trace.o
 .ARM.attributes
                0x000001cb       0x33 ./system/src/diag/trace_impl.o
 .ARM.attributes
                0x000001fe       0x33 ./system/src/cortexm/_initialize_hardware.o
 .ARM.attributes
                0x00000231       0x33 ./system/src/cortexm/exception_handlers.o
 .ARM.attributes
                0x00000264       0x33 ./system/src/cmsis/system_stm32f4xx.o
 .ARM.attributes
                0x00000297       0x33 ./system/src/cmsis/vectors_stm32f407xx.o
 .ARM.attributes
                0x000002ca       0x33 ./src/Support_ADC_basic_1_4b.o
 .ARM.attributes
                0x000002fd       0x33 ./src/Support_DAC_basic_1_2b.o
 .ARM.attributes
                0x00000330       0x33 ./src/Support_USART_1_7b.o
 .ARM.attributes
                0x00000363       0x33 ./src/WP_packet_support_1_0.o
 .ARM.attributes
                0x00000396       0x33 ./src/_initialize_hardware.o
 .ARM.attributes
                0x000003c9       0x33 ./src/main.o
 .ARM.attributes
                0x000003fc       0x33 ./src/stm32f4xx_hal_msp.o
 .ARM.attributes
                0x0000042f       0x33 ./src/syscalls_1_3.o
 .ARM.attributes
                0x00000462       0x2e c:/users/kurt/desktop/gnu_arm_toolchain/gcc-arm-none-eabi/bin/../lib/gcc/arm-none-eabi/5.4.1/../../../../arm-none-eabi/lib/armv7e-m\libg_nano.a(lib_a-errno.o)
 .ARM.attributes
                0x00000490       0x2e c:/users/kurt/desktop/gnu_arm_toolchain/gcc-arm-none-eabi/bin/../lib/gcc/arm-none-eabi/5.4.1/../../../../arm-none-eabi/lib/armv7e-m\libg_nano.a(lib_a-impure.o)
 .ARM.attributes
                0x000004be       0x2e c:/users/kurt/desktop/gnu_arm_toolchain/gcc-arm-none-eabi/bin/../lib/gcc/arm-none-eabi/5.4.1/../../../../arm-none-eabi/lib/armv7e-m\libg_nano.a(lib_a-printf.o)
 .ARM.attributes
                0x000004ec       0x2e c:/users/kurt/desktop/gnu_arm_toolchain/gcc-arm-none-eabi/bin/../lib/gcc/arm-none-eabi/5.4.1/../../../../arm-none-eabi/lib/armv7e-m\libg_nano.a(lib_a-sprintf.o)
 .ARM.attributes
                0x0000051a       0x17 c:/users/kurt/desktop/gnu_arm_toolchain/gcc-arm-none-eabi/bin/../lib/gcc/arm-none-eabi/5.4.1/../../../../arm-none-eabi/lib/armv7e-m\libg_nano.a(lib_a-strlen.o)
 .ARM.attributes
                0x00000531       0x2e c:/users/kurt/desktop/gnu_arm_toolchain/gcc-arm-none-eabi/bin/../lib/gcc/arm-none-eabi/5.4.1/../../../../arm-none-eabi/lib/armv7e-m\libg_nano.a(lib_a-vsnprintf.o)
 .ARM.attributes
                0x0000055f       0x2e c:/users/kurt/desktop/gnu_arm_toolchain/gcc-arm-none-eabi/bin/../lib/gcc/arm-none-eabi/5.4.1/../../../../arm-none-eabi/lib/armv7e-m\libg_nano.a(lib_a-findfp.o)
 .ARM.attributes
                0x0000058d       0x2e c:/users/kurt/desktop/gnu_arm_toolchain/gcc-arm-none-eabi/bin/../lib/gcc/arm-none-eabi/5.4.1/../../../../arm-none-eabi/lib/armv7e-m\libg_nano.a(lib_a-fwalk.o)
 .ARM.attributes
                0x000005bb       0x2e c:/users/kurt/desktop/gnu_arm_toolchain/gcc-arm-none-eabi/bin/../lib/gcc/arm-none-eabi/5.4.1/../../../../arm-none-eabi/lib/armv7e-m\libg_nano.a(lib_a-memset.o)
 .ARM.attributes
                0x000005e9       0x2e c:/users/kurt/desktop/gnu_arm_toolchain/gcc-arm-none-eabi/bin/../lib/gcc/arm-none-eabi/5.4.1/../../../../arm-none-eabi/lib/armv7e-m\libg_nano.a(lib_a-nano-mallocr.o)
 .ARM.attributes
                0x00000617       0x2e c:/users/kurt/desktop/gnu_arm_toolchain/gcc-arm-none-eabi/bin/../lib/gcc/arm-none-eabi/5.4.1/../../../../arm-none-eabi/lib/armv7e-m\libg_nano.a(lib_a-nano-svfprintf.o)
 .ARM.attributes
                0x00000645       0x2e c:/users/kurt/desktop/gnu_arm_toolchain/gcc-arm-none-eabi/bin/../lib/gcc/arm-none-eabi/5.4.1/../../../../arm-none-eabi/lib/armv7e-m\libg_nano.a(lib_a-nano-vfprintf.o)
 .ARM.attributes
                0x00000673       0x2e c:/users/kurt/desktop/gnu_arm_toolchain/gcc-arm-none-eabi/bin/../lib/gcc/arm-none-eabi/5.4.1/../../../../arm-none-eabi/lib/armv7e-m\libg_nano.a(lib_a-nano-vfprintf_i.o)
 .ARM.attributes
                0x000006a1       0x2e c:/users/kurt/desktop/gnu_arm_toolchain/gcc-arm-none-eabi/bin/../lib/gcc/arm-none-eabi/5.4.1/../../../../arm-none-eabi/lib/armv7e-m\libg_nano.a(lib_a-sbrkr.o)
 .ARM.attributes
                0x000006cf       0x2e c:/users/kurt/desktop/gnu_arm_toolchain/gcc-arm-none-eabi/bin/../lib/gcc/arm-none-eabi/5.4.1/../../../../arm-none-eabi/lib/armv7e-m\libg_nano.a(lib_a-stdio.o)
 .ARM.attributes
                0x000006fd       0x2e c:/users/kurt/desktop/gnu_arm_toolchain/gcc-arm-none-eabi/bin/../lib/gcc/arm-none-eabi/5.4.1/../../../../arm-none-eabi/lib/armv7e-m\libg_nano.a(lib_a-wbuf.o)
 .ARM.attributes
                0x0000072b       0x2e c:/users/kurt/desktop/gnu_arm_toolchain/gcc-arm-none-eabi/bin/../lib/gcc/arm-none-eabi/5.4.1/../../../../arm-none-eabi/lib/armv7e-m\libg_nano.a(lib_a-writer.o)
 .ARM.attributes
                0x00000759       0x2e c:/users/kurt/desktop/gnu_arm_toolchain/gcc-arm-none-eabi/bin/../lib/gcc/arm-none-eabi/5.4.1/../../../../arm-none-eabi/lib/armv7e-m\libg_nano.a(lib_a-wsetup.o)
 .ARM.attributes
                0x00000787       0x2e c:/users/kurt/desktop/gnu_arm_toolchain/gcc-arm-none-eabi/bin/../lib/gcc/arm-none-eabi/5.4.1/../../../../arm-none-eabi/lib/armv7e-m\libg_nano.a(lib_a-closer.o)
 .ARM.attributes
                0x000007b5       0x2e c:/users/kurt/desktop/gnu_arm_toolchain/gcc-arm-none-eabi/bin/../lib/gcc/arm-none-eabi/5.4.1/../../../../arm-none-eabi/lib/armv7e-m\libg_nano.a(lib_a-fflush.o)
 .ARM.attributes
                0x000007e3       0x2e c:/users/kurt/desktop/gnu_arm_toolchain/gcc-arm-none-eabi/bin/../lib/gcc/arm-none-eabi/5.4.1/../../../../arm-none-eabi/lib/armv7e-m\libg_nano.a(lib_a-lseekr.o)
 .ARM.attributes
                0x00000811       0x2e c:/users/kurt/desktop/gnu_arm_toolchain/gcc-arm-none-eabi/bin/../lib/gcc/arm-none-eabi/5.4.1/../../../../arm-none-eabi/lib/armv7e-m\libg_nano.a(lib_a-makebuf.o)
 .ARM.attributes
                0x0000083f       0x1c c:/users/kurt/desktop/gnu_arm_toolchain/gcc-arm-none-eabi/bin/../lib/gcc/arm-none-eabi/5.4.1/../../../../arm-none-eabi/lib/armv7e-m\libg_nano.a(lib_a-memchr.o)
 .ARM.attributes
                0x0000085b       0x2e c:/users/kurt/desktop/gnu_arm_toolchain/gcc-arm-none-eabi/bin/../lib/gcc/arm-none-eabi/5.4.1/../../../../arm-none-eabi/lib/armv7e-m\libg_nano.a(lib_a-memcpy-stub.o)
 .ARM.attributes
                0x00000889       0x2e c:/users/kurt/desktop/gnu_arm_toolchain/gcc-arm-none-eabi/bin/../lib/gcc/arm-none-eabi/5.4.1/../../../../arm-none-eabi/lib/armv7e-m\libg_nano.a(lib_a-memmove.o)
 .ARM.attributes
                0x000008b7       0x2e c:/users/kurt/desktop/gnu_arm_toolchain/gcc-arm-none-eabi/bin/../lib/gcc/arm-none-eabi/5.4.1/../../../../arm-none-eabi/lib/armv7e-m\libg_nano.a(lib_a-mlock.o)
 .ARM.attributes
                0x000008e5       0x2e c:/users/kurt/desktop/gnu_arm_toolchain/gcc-arm-none-eabi/bin/../lib/gcc/arm-none-eabi/5.4.1/../../../../arm-none-eabi/lib/armv7e-m\libg_nano.a(lib_a-nano-freer.o)
 .ARM.attributes
                0x00000913       0x2e c:/users/kurt/desktop/gnu_arm_toolchain/gcc-arm-none-eabi/bin/../lib/gcc/arm-none-eabi/5.4.1/../../../../arm-none-eabi/lib/armv7e-m\libg_nano.a(lib_a-nano-reallocr.o)
 .ARM.attributes
                0x00000941       0x2e c:/users/kurt/desktop/gnu_arm_toolchain/gcc-arm-none-eabi/bin/../lib/gcc/arm-none-eabi/5.4.1/../../../../arm-none-eabi/lib/armv7e-m\libg_nano.a(lib_a-readr.o)
 .ARM.attributes
                0x0000096f       0x2e c:/users/kurt/desktop/gnu_arm_toolchain/gcc-arm-none-eabi/bin/../lib/gcc/arm-none-eabi/5.4.1/../../../../arm-none-eabi/lib/armv7e-m\libg_nano.a(lib_a-fstatr.o)
 .ARM.attributes
                0x0000099d       0x2e c:/users/kurt/desktop/gnu_arm_toolchain/gcc-arm-none-eabi/bin/../lib/gcc/arm-none-eabi/5.4.1/../../../../arm-none-eabi/lib/armv7e-m\libg_nano.a(lib_a-isattyr.o)
 .ARM.attributes
                0x000009cb       0x2e c:/users/kurt/desktop/gnu_arm_toolchain/gcc-arm-none-eabi/bin/../lib/gcc/arm-none-eabi/5.4.1/../../../../arm-none-eabi/lib/armv7e-m\libg_nano.a(lib_a-nano-msizer.o)

.debug
 *(.debug)

.line
 *(.line)

.debug_srcinfo
 *(.debug_srcinfo)

.debug_sfnames
 *(.debug_sfnames)

.debug_aranges  0x00000000      0x698
 *(.debug_aranges)
 .debug_aranges
                0x00000000       0xc0 ./system/src/stm32f4-hal/stm32f4xx_hal.o
 .debug_aranges
                0x000000c0       0x98 ./system/src/stm32f4-hal/stm32f4xx_hal_cortex.o
 .debug_aranges
                0x00000158       0x88 ./system/src/stm32f4-hal/stm32f4xx_hal_rcc.o
 .debug_aranges
                0x000001e0       0x28 ./system/src/newlib/_exit.o
 .debug_aranges
                0x00000208       0x20 ./system/src/newlib/_sbrk.o
 .debug_aranges
                0x00000228       0x40 ./system/src/newlib/_startup.o
 .debug_aranges
                0x00000268       0x30 ./system/src/newlib/_syscalls.o
 .debug_aranges
                0x00000298       0x28 ./system/src/newlib/assert.o
 .debug_aranges
                0x000002c0       0x38 ./system/src/diag/Trace.o
 .debug_aranges
                0x000002f8       0x30 ./system/src/diag/trace_impl.o
 .debug_aranges
                0x00000328       0x28 ./system/src/cortexm/_initialize_hardware.o
 .debug_aranges
                0x00000350       0x90 ./system/src/cortexm/exception_handlers.o
 .debug_aranges
                0x000003e0       0x28 ./system/src/cmsis/system_stm32f4xx.o
 .debug_aranges
                0x00000408       0x20 ./system/src/cmsis/vectors_stm32f407xx.o
 .debug_aranges
                0x00000428       0x58 ./src/Support_ADC_basic_1_4b.o
 .debug_aranges
                0x00000480       0x58 ./src/Support_DAC_basic_1_2b.o
 .debug_aranges
                0x000004d8       0x70 ./src/Support_USART_1_7b.o
 .debug_aranges
                0x00000548       0x58 ./src/WP_packet_support_1_0.o
 .debug_aranges
                0x000005a0       0x28 ./src/_initialize_hardware.o
 .debug_aranges
                0x000005c8       0x20 ./src/main.o
 .debug_aranges
                0x000005e8       0x38 ./src/stm32f4xx_hal_msp.o
 .debug_aranges
                0x00000620       0x78 ./src/syscalls_1_3.o

.debug_pubnames
 *(.debug_pubnames)

.debug_info     0x00000000     0x8897
 *(.debug_info .gnu.linkonce.wi.*)
 .debug_info    0x00000000      0x8e3 ./system/src/stm32f4-hal/stm32f4xx_hal.o
 .debug_info    0x000008e3     0x10f4 ./system/src/stm32f4-hal/stm32f4xx_hal_cortex.o
 .debug_info    0x000019d7      0xf42 ./system/src/stm32f4-hal/stm32f4xx_hal_rcc.o
 .debug_info    0x00002919       0xef ./system/src/newlib/_exit.o
 .debug_info    0x00002a08      0x11f ./system/src/newlib/_sbrk.o
 .debug_info    0x00002b27      0x4ef ./system/src/newlib/_startup.o
 .debug_info    0x00003016      0x1c7 ./system/src/newlib/_syscalls.o
 .debug_info    0x000031dd      0x1a3 ./system/src/newlib/assert.o
 .debug_info    0x00003380      0x2e7 ./system/src/diag/Trace.o
 .debug_info    0x00003667      0x30a ./system/src/diag/trace_impl.o
 .debug_info    0x00003971      0x2bf ./system/src/cortexm/_initialize_hardware.o
 .debug_info    0x00003c30      0x8f4 ./system/src/cortexm/exception_handlers.o
 .debug_info    0x00004524      0x4b9 ./system/src/cmsis/system_stm32f4xx.o
 .debug_info    0x000049dd       0xd1 ./system/src/cmsis/vectors_stm32f407xx.o
 .debug_info    0x00004aae     0x1263 ./src/Support_ADC_basic_1_4b.o
 .debug_info    0x00005d11     0x1044 ./src/Support_DAC_basic_1_2b.o
 .debug_info    0x00006d55      0x880 ./src/Support_USART_1_7b.o
 .debug_info    0x000075d5      0x4ae ./src/WP_packet_support_1_0.o
 .debug_info    0x00007a83      0x4e9 ./src/_initialize_hardware.o
 .debug_info    0x00007f6c      0x127 ./src/main.o
 .debug_info    0x00008093       0xe5 ./src/stm32f4xx_hal_msp.o
 .debug_info    0x00008178      0x71f ./src/syscalls_1_3.o

.debug_abbrev   0x00000000     0x1ffd
 *(.debug_abbrev)
 .debug_abbrev  0x00000000      0x224 ./system/src/stm32f4-hal/stm32f4xx_hal.o
 .debug_abbrev  0x00000224      0x324 ./system/src/stm32f4-hal/stm32f4xx_hal_cortex.o
 .debug_abbrev  0x00000548      0x2b8 ./system/src/stm32f4-hal/stm32f4xx_hal_rcc.o
 .debug_abbrev  0x00000800       0x8e ./system/src/newlib/_exit.o
 .debug_abbrev  0x0000088e       0xb9 ./system/src/newlib/_sbrk.o
 .debug_abbrev  0x00000947      0x1d4 ./system/src/newlib/_startup.o
 .debug_abbrev  0x00000b1b       0xec ./system/src/newlib/_syscalls.o
 .debug_abbrev  0x00000c07       0xab ./system/src/newlib/assert.o
 .debug_abbrev  0x00000cb2      0x156 ./system/src/diag/Trace.o
 .debug_abbrev  0x00000e08      0x1c8 ./system/src/diag/trace_impl.o
 .debug_abbrev  0x00000fd0       0xea ./system/src/cortexm/_initialize_hardware.o
 .debug_abbrev  0x000010ba      0x247 ./system/src/cortexm/exception_handlers.o
 .debug_abbrev  0x00001301      0x104 ./system/src/cmsis/system_stm32f4xx.o
 .debug_abbrev  0x00001405       0x9d ./system/src/cmsis/vectors_stm32f407xx.o
 .debug_abbrev  0x000014a2      0x21f ./src/Support_ADC_basic_1_4b.o
 .debug_abbrev  0x000016c1      0x21d ./src/Support_DAC_basic_1_2b.o
 .debug_abbrev  0x000018de      0x1eb ./src/Support_USART_1_7b.o
 .debug_abbrev  0x00001ac9      0x163 ./src/WP_packet_support_1_0.o
 .debug_abbrev  0x00001c2c      0x14c ./src/_initialize_hardware.o
 .debug_abbrev  0x00001d78       0x8d ./src/main.o
 .debug_abbrev  0x00001e05       0x6a ./src/stm32f4xx_hal_msp.o
 .debug_abbrev  0x00001e6f      0x18e ./src/syscalls_1_3.o

.debug_line     0x00000000     0xa8b5
 *(.debug_line)
 .debug_line    0x00000000      0xba5 ./system/src/stm32f4-hal/stm32f4xx_hal.o
 .debug_line    0x00000ba5      0xc88 ./system/src/stm32f4-hal/stm32f4xx_hal_cortex.o
 .debug_line    0x0000182d      0xe57 ./system/src/stm32f4-hal/stm32f4xx_hal_rcc.o
 .debug_line    0x00002684      0x340 ./system/src/newlib/_exit.o
 .debug_line    0x000029c4      0x2f2 ./system/src/newlib/_sbrk.o
 .debug_line    0x00002cb6      0x3ba ./system/src/newlib/_startup.o
 .debug_line    0x00003070      0x40e ./system/src/newlib/_syscalls.o
 .debug_line    0x0000347e      0x37b ./system/src/newlib/assert.o
 .debug_line    0x000037f9      0x3ac ./system/src/diag/Trace.o
 .debug_line    0x00003ba5      0xae0 ./system/src/diag/trace_impl.o
 .debug_line    0x00004685      0xa49 ./system/src/cortexm/_initialize_hardware.o
 .debug_line    0x000050ce      0xb7f ./system/src/cortexm/exception_handlers.o
 .debug_line    0x00005c4d      0xa49 ./system/src/cmsis/system_stm32f4xx.o
 .debug_line    0x00006696      0x106 ./system/src/cmsis/vectors_stm32f407xx.o
 .debug_line    0x0000679c      0xafd ./src/Support_ADC_basic_1_4b.o
 .debug_line    0x00007299      0xacf ./src/Support_DAC_basic_1_2b.o
 .debug_line    0x00007d68      0xb20 ./src/Support_USART_1_7b.o
 .debug_line    0x00008888      0x40c ./src/WP_packet_support_1_0.o
 .debug_line    0x00008c94      0xa42 ./src/_initialize_hardware.o
 .debug_line    0x000096d6      0x34f ./src/main.o
 .debug_line    0x00009a25      0xa43 ./src/stm32f4xx_hal_msp.o
 .debug_line    0x0000a468      0x44d ./src/syscalls_1_3.o

.debug_frame    0x00000000     0x1694
 *(.debug_frame)
 .debug_frame   0x00000000      0x188 ./system/src/stm32f4-hal/stm32f4xx_hal.o
 .debug_frame   0x00000188      0x17c ./system/src/stm32f4-hal/stm32f4xx_hal_cortex.o
 .debug_frame   0x00000304      0x158 ./system/src/stm32f4-hal/stm32f4xx_hal_rcc.o
 .debug_frame   0x0000045c       0x38 ./system/src/newlib/_exit.o
 .debug_frame   0x00000494       0x28 ./system/src/newlib/_sbrk.o
 .debug_frame   0x000004bc       0x7c ./system/src/newlib/_startup.o
 .debug_frame   0x00000538       0x50 ./system/src/newlib/_syscalls.o
 .debug_frame   0x00000588       0x40 ./system/src/newlib/assert.o
 .debug_frame   0x000005c8       0x94 ./system/src/diag/Trace.o
 .debug_frame   0x0000065c       0x60 ./system/src/diag/trace_impl.o
 .debug_frame   0x000006bc       0x40 ./system/src/cortexm/_initialize_hardware.o
 .debug_frame   0x000006fc      0x158 ./system/src/cortexm/exception_handlers.o
 .debug_frame   0x00000854       0x30 ./system/src/cmsis/system_stm32f4xx.o
 .debug_frame   0x00000884       0x20 ./system/src/cmsis/vectors_stm32f407xx.o
 .debug_frame   0x000008a4       0xe0 ./src/Support_ADC_basic_1_4b.o
 .debug_frame   0x00000984       0xe4 ./src/Support_DAC_basic_1_2b.o
 .debug_frame   0x00000a68       0xd8 ./src/Support_USART_1_7b.o
 .debug_frame   0x00000b40       0xe4 ./src/WP_packet_support_1_0.o
 .debug_frame   0x00000c24       0x48 ./src/_initialize_hardware.o
 .debug_frame   0x00000c6c       0x2c ./src/main.o
 .debug_frame   0x00000c98       0x50 ./src/stm32f4xx_hal_msp.o
 .debug_frame   0x00000ce8      0x110 ./src/syscalls_1_3.o
 .debug_frame   0x00000df8       0x20 c:/users/kurt/desktop/gnu_arm_toolchain/gcc-arm-none-eabi/bin/../lib/gcc/arm-none-eabi/5.4.1/../../../../arm-none-eabi/lib/armv7e-m\libg_nano.a(lib_a-errno.o)
 .debug_frame   0x00000e18       0x74 c:/users/kurt/desktop/gnu_arm_toolchain/gcc-arm-none-eabi/bin/../lib/gcc/arm-none-eabi/5.4.1/../../../../arm-none-eabi/lib/armv7e-m\libg_nano.a(lib_a-printf.o)
 .debug_frame   0x00000e8c       0x70 c:/users/kurt/desktop/gnu_arm_toolchain/gcc-arm-none-eabi/bin/../lib/gcc/arm-none-eabi/5.4.1/../../../../arm-none-eabi/lib/armv7e-m\libg_nano.a(lib_a-sprintf.o)
 .debug_frame   0x00000efc       0x48 c:/users/kurt/desktop/gnu_arm_toolchain/gcc-arm-none-eabi/bin/../lib/gcc/arm-none-eabi/5.4.1/../../../../arm-none-eabi/lib/armv7e-m\libg_nano.a(lib_a-vsnprintf.o)
 .debug_frame   0x00000f44      0x11c c:/users/kurt/desktop/gnu_arm_toolchain/gcc-arm-none-eabi/bin/../lib/gcc/arm-none-eabi/5.4.1/../../../../arm-none-eabi/lib/armv7e-m\libg_nano.a(lib_a-findfp.o)
 .debug_frame   0x00001060       0x54 c:/users/kurt/desktop/gnu_arm_toolchain/gcc-arm-none-eabi/bin/../lib/gcc/arm-none-eabi/5.4.1/../../../../arm-none-eabi/lib/armv7e-m\libg_nano.a(lib_a-fwalk.o)
 .debug_frame   0x000010b4       0x20 c:/users/kurt/desktop/gnu_arm_toolchain/gcc-arm-none-eabi/bin/../lib/gcc/arm-none-eabi/5.4.1/../../../../arm-none-eabi/lib/armv7e-m\libg_nano.a(lib_a-memset.o)
 .debug_frame   0x000010d4       0x2c c:/users/kurt/desktop/gnu_arm_toolchain/gcc-arm-none-eabi/bin/../lib/gcc/arm-none-eabi/5.4.1/../../../../arm-none-eabi/lib/armv7e-m\libg_nano.a(lib_a-nano-mallocr.o)
 .debug_frame   0x00001100       0x90 c:/users/kurt/desktop/gnu_arm_toolchain/gcc-arm-none-eabi/bin/../lib/gcc/arm-none-eabi/5.4.1/../../../../arm-none-eabi/lib/armv7e-m\libg_nano.a(lib_a-nano-svfprintf.o)
 .debug_frame   0x00001190       0xac c:/users/kurt/desktop/gnu_arm_toolchain/gcc-arm-none-eabi/bin/../lib/gcc/arm-none-eabi/5.4.1/../../../../arm-none-eabi/lib/armv7e-m\libg_nano.a(lib_a-nano-vfprintf.o)
 .debug_frame   0x0000123c       0x60 c:/users/kurt/desktop/gnu_arm_toolchain/gcc-arm-none-eabi/bin/../lib/gcc/arm-none-eabi/5.4.1/../../../../arm-none-eabi/lib/armv7e-m\libg_nano.a(lib_a-nano-vfprintf_i.o)
 .debug_frame   0x0000129c       0x2c c:/users/kurt/desktop/gnu_arm_toolchain/gcc-arm-none-eabi/bin/../lib/gcc/arm-none-eabi/5.4.1/../../../../arm-none-eabi/lib/armv7e-m\libg_nano.a(lib_a-sbrkr.o)
 .debug_frame   0x000012c8       0x88 c:/users/kurt/desktop/gnu_arm_toolchain/gcc-arm-none-eabi/bin/../lib/gcc/arm-none-eabi/5.4.1/../../../../arm-none-eabi/lib/armv7e-m\libg_nano.a(lib_a-stdio.o)
 .debug_frame   0x00001350       0x40 c:/users/kurt/desktop/gnu_arm_toolchain/gcc-arm-none-eabi/bin/../lib/gcc/arm-none-eabi/5.4.1/../../../../arm-none-eabi/lib/armv7e-m\libg_nano.a(lib_a-wbuf.o)
 .debug_frame   0x00001390       0x2c c:/users/kurt/desktop/gnu_arm_toolchain/gcc-arm-none-eabi/bin/../lib/gcc/arm-none-eabi/5.4.1/../../../../arm-none-eabi/lib/armv7e-m\libg_nano.a(lib_a-writer.o)
 .debug_frame   0x000013bc       0x2c c:/users/kurt/desktop/gnu_arm_toolchain/gcc-arm-none-eabi/bin/../lib/gcc/arm-none-eabi/5.4.1/../../../../arm-none-eabi/lib/armv7e-m\libg_nano.a(lib_a-wsetup.o)
 .debug_frame   0x000013e8       0x2c c:/users/kurt/desktop/gnu_arm_toolchain/gcc-arm-none-eabi/bin/../lib/gcc/arm-none-eabi/5.4.1/../../../../arm-none-eabi/lib/armv7e-m\libg_nano.a(lib_a-closer.o)
 .debug_frame   0x00001414       0x68 c:/users/kurt/desktop/gnu_arm_toolchain/gcc-arm-none-eabi/bin/../lib/gcc/arm-none-eabi/5.4.1/../../../../arm-none-eabi/lib/armv7e-m\libg_nano.a(lib_a-fflush.o)
 .debug_frame   0x0000147c       0x2c c:/users/kurt/desktop/gnu_arm_toolchain/gcc-arm-none-eabi/bin/../lib/gcc/arm-none-eabi/5.4.1/../../../../arm-none-eabi/lib/armv7e-m\libg_nano.a(lib_a-lseekr.o)
 .debug_frame   0x000014a8       0x54 c:/users/kurt/desktop/gnu_arm_toolchain/gcc-arm-none-eabi/bin/../lib/gcc/arm-none-eabi/5.4.1/../../../../arm-none-eabi/lib/armv7e-m\libg_nano.a(lib_a-makebuf.o)
 .debug_frame   0x000014fc       0x28 c:/users/kurt/desktop/gnu_arm_toolchain/gcc-arm-none-eabi/bin/../lib/gcc/arm-none-eabi/5.4.1/../../../../arm-none-eabi/lib/armv7e-m\libg_nano.a(lib_a-memcpy-stub.o)
 .debug_frame   0x00001524       0x28 c:/users/kurt/desktop/gnu_arm_toolchain/gcc-arm-none-eabi/bin/../lib/gcc/arm-none-eabi/5.4.1/../../../../arm-none-eabi/lib/armv7e-m\libg_nano.a(lib_a-memmove.o)
 .debug_frame   0x0000154c       0x30 c:/users/kurt/desktop/gnu_arm_toolchain/gcc-arm-none-eabi/bin/../lib/gcc/arm-none-eabi/5.4.1/../../../../arm-none-eabi/lib/armv7e-m\libg_nano.a(lib_a-mlock.o)
 .debug_frame   0x0000157c       0x38 c:/users/kurt/desktop/gnu_arm_toolchain/gcc-arm-none-eabi/bin/../lib/gcc/arm-none-eabi/5.4.1/../../../../arm-none-eabi/lib/armv7e-m\libg_nano.a(lib_a-nano-freer.o)
 .debug_frame   0x000015b4       0x3c c:/users/kurt/desktop/gnu_arm_toolchain/gcc-arm-none-eabi/bin/../lib/gcc/arm-none-eabi/5.4.1/../../../../arm-none-eabi/lib/armv7e-m\libg_nano.a(lib_a-nano-reallocr.o)
 .debug_frame   0x000015f0       0x2c c:/users/kurt/desktop/gnu_arm_toolchain/gcc-arm-none-eabi/bin/../lib/gcc/arm-none-eabi/5.4.1/../../../../arm-none-eabi/lib/armv7e-m\libg_nano.a(lib_a-readr.o)
 .debug_frame   0x0000161c       0x2c c:/users/kurt/desktop/gnu_arm_toolchain/gcc-arm-none-eabi/bin/../lib/gcc/arm-none-eabi/5.4.1/../../../../arm-none-eabi/lib/armv7e-m\libg_nano.a(lib_a-fstatr.o)
 .debug_frame   0x00001648       0x2c c:/users/kurt/desktop/gnu_arm_toolchain/gcc-arm-none-eabi/bin/../lib/gcc/arm-none-eabi/5.4.1/../../../../arm-none-eabi/lib/armv7e-m\libg_nano.a(lib_a-isattyr.o)
 .debug_frame   0x00001674       0x20 c:/users/kurt/desktop/gnu_arm_toolchain/gcc-arm-none-eabi/bin/../lib/gcc/arm-none-eabi/5.4.1/../../../../arm-none-eabi/lib/armv7e-m\libg_nano.a(lib_a-nano-msizer.o)

.debug_str      0x00000000    0xa8c42
 *(.debug_str)
 .debug_str     0x00000000    0xa31fc ./system/src/stm32f4-hal/stm32f4xx_hal.o
                              0xa35e2 (size before relaxing)
 .debug_str     0x000a31fc      0x374 ./system/src/stm32f4-hal/stm32f4xx_hal_cortex.o
                              0xa344a (size before relaxing)
 .debug_str     0x000a3570      0x401 ./system/src/stm32f4-hal/stm32f4xx_hal_rcc.o
                              0xa2ff9 (size before relaxing)
 .debug_str     0x000a3971     0x10b6 ./system/src/newlib/_exit.o
                               0x6f11 (size before relaxing)
 .debug_str     0x000a4a27      0x4de ./system/src/newlib/_sbrk.o
                               0x62fc (size before relaxing)
 .debug_str     0x000a4f05      0x2cc ./system/src/newlib/_startup.o
                               0x5f17 (size before relaxing)
 .debug_str     0x000a51d1      0xe18 ./system/src/newlib/_syscalls.o
                               0x715c (size before relaxing)
 .debug_str     0x000a5fe9       0xd5 ./system/src/newlib/assert.o
                               0x7a16 (size before relaxing)
 .debug_str     0x000a60be      0x169 ./system/src/diag/Trace.o
                               0x7701 (size before relaxing)
 .debug_str     0x000a6227      0x37b ./system/src/diag/trace_impl.o
                              0xa3d29 (size before relaxing)
 .debug_str     0x000a65a2       0x5e ./system/src/cortexm/_initialize_hardware.o
                              0xa2b0a (size before relaxing)
 .debug_str     0x000a6600      0x19d ./system/src/cortexm/exception_handlers.o
                              0xa3eb3 (size before relaxing)
 .debug_str     0x000a679d       0x46 ./system/src/cmsis/system_stm32f4xx.o
                              0xa2be9 (size before relaxing)
 .debug_str     0x000a67e3       0x59 ./system/src/cmsis/vectors_stm32f407xx.o
                               0x30ce (size before relaxing)
 .debug_str     0x000a683c      0x91f ./src/Support_ADC_basic_1_4b.o
                              0xa3ab4 (size before relaxing)
 .debug_str     0x000a715b      0xb81 ./src/Support_DAC_basic_1_2b.o
                              0xa4155 (size before relaxing)
 .debug_str     0x000a7cdc      0x49a ./src/Support_USART_1_7b.o
                              0xa3541 (size before relaxing)
 .debug_str     0x000a8176      0x1a7 ./src/WP_packet_support_1_0.o
                               0x7381 (size before relaxing)
 .debug_str     0x000a831d       0x31 ./src/_initialize_hardware.o
                              0xa2cef (size before relaxing)
 .debug_str     0x000a834e        0xe ./src/main.o
                               0x87ef (size before relaxing)
 .debug_str     0x000a835c       0x3d ./src/stm32f4xx_hal_msp.o
                              0xa2a49 (size before relaxing)
 .debug_str     0x000a8399      0x8a9 ./src/syscalls_1_3.o
                               0x763f (size before relaxing)

.debug_loc      0x00000000     0x1e4f
 *(.debug_loc)
 .debug_loc     0x00000000       0x92 ./system/src/stm32f4-hal/stm32f4xx_hal.o
 .debug_loc     0x00000092      0x580 ./system/src/stm32f4-hal/stm32f4xx_hal_cortex.o
 .debug_loc     0x00000612      0x57a ./system/src/stm32f4-hal/stm32f4xx_hal_rcc.o
 .debug_loc     0x00000b8c       0x82 ./system/src/newlib/_sbrk.o
 .debug_loc     0x00000c0e      0x36e ./system/src/newlib/_startup.o
 .debug_loc     0x00000f7c       0x63 ./system/src/newlib/_syscalls.o
 .debug_loc     0x00000fdf      0x110 ./system/src/newlib/assert.o
 .debug_loc     0x000010ef      0x102 ./system/src/diag/Trace.o
 .debug_loc     0x000011f1      0x17c ./system/src/diag/trace_impl.o
 .debug_loc     0x0000136d      0x2a8 ./system/src/cortexm/exception_handlers.o
 .debug_loc     0x00001615      0x132 ./system/src/cmsis/system_stm32f4xx.o
 .debug_loc     0x00001747       0xb8 ./src/Support_ADC_basic_1_4b.o
 .debug_loc     0x000017ff       0xb6 ./src/Support_DAC_basic_1_2b.o
 .debug_loc     0x000018b5      0x126 ./src/Support_USART_1_7b.o
 .debug_loc     0x000019db      0x21b ./src/WP_packet_support_1_0.o
 .debug_loc     0x00001bf6       0x1f ./src/main.o
 .debug_loc     0x00001c15      0x23a ./src/syscalls_1_3.o

.debug_macinfo
 *(.debug_macinfo)

.debug_weaknames
 *(.debug_weaknames)

.debug_funcnames
 *(.debug_funcnames)

.debug_typenames
 *(.debug_typenames)

.debug_varnames
 *(.debug_varnames)
OUTPUT(Lab04_PartB.elf elf32-littlearm)

.debug_ranges   0x00000000      0x568
 .debug_ranges  0x00000000       0xb0 ./system/src/stm32f4-hal/stm32f4xx_hal.o
 .debug_ranges  0x000000b0       0x88 ./system/src/stm32f4-hal/stm32f4xx_hal_cortex.o
 .debug_ranges  0x00000138       0x78 ./system/src/stm32f4-hal/stm32f4xx_hal_rcc.o
 .debug_ranges  0x000001b0       0x18 ./system/src/newlib/_exit.o
 .debug_ranges  0x000001c8       0x10 ./system/src/newlib/_sbrk.o
 .debug_ranges  0x000001d8       0x30 ./system/src/newlib/_startup.o
 .debug_ranges  0x00000208       0x20 ./system/src/newlib/_syscalls.o
 .debug_ranges  0x00000228       0x18 ./system/src/newlib/assert.o
 .debug_ranges  0x00000240       0x28 ./system/src/diag/Trace.o
 .debug_ranges  0x00000268       0x38 ./system/src/diag/trace_impl.o
 .debug_ranges  0x000002a0       0x18 ./system/src/cortexm/_initialize_hardware.o
 .debug_ranges  0x000002b8       0x98 ./system/src/cortexm/exception_handlers.o
 .debug_ranges  0x00000350       0x18 ./system/src/cmsis/system_stm32f4xx.o
 .debug_ranges  0x00000368       0x10 ./system/src/cmsis/vectors_stm32f407xx.o
 .debug_ranges  0x00000378       0x48 ./src/Support_ADC_basic_1_4b.o
 .debug_ranges  0x000003c0       0x48 ./src/Support_DAC_basic_1_2b.o
 .debug_ranges  0x00000408       0x60 ./src/Support_USART_1_7b.o
 .debug_ranges  0x00000468       0x48 ./src/WP_packet_support_1_0.o
 .debug_ranges  0x000004b0       0x18 ./src/_initialize_hardware.o
 .debug_ranges  0x000004c8       0x10 ./src/main.o
 .debug_ranges  0x000004d8       0x28 ./src/stm32f4xx_hal_msp.o
 .debug_ranges  0x00000500       0x68 ./src/syscalls_1_3.o

.debug_macro    0x00000000    0x1c55b
 .debug_macro   0x00000000      0x536 ./system/src/stm32f4-hal/stm32f4xx_hal.o
 .debug_macro   0x00000536      0x898 ./system/src/stm32f4-hal/stm32f4xx_hal.o
 .debug_macro   0x00000dce      0x283 ./system/src/stm32f4-hal/stm32f4xx_hal.o
 .debug_macro   0x00001051       0x2e ./system/src/stm32f4-hal/stm32f4xx_hal.o
 .debug_macro   0x0000107f       0x28 ./system/src/stm32f4-hal/stm32f4xx_hal.o
 .debug_macro   0x000010a7      0x34e ./system/src/stm32f4-hal/stm32f4xx_hal.o
 .debug_macro   0x000013f5       0x35 ./system/src/stm32f4-hal/stm32f4xx_hal.o
 .debug_macro   0x0000142a       0x50 ./system/src/stm32f4-hal/stm32f4xx_hal.o
 .debug_macro   0x0000147a      0xe66 ./system/src/stm32f4-hal/stm32f4xx_hal.o
 .debug_macro   0x000022e0     0x929b ./system/src/stm32f4-hal/stm32f4xx_hal.o
 .debug_macro   0x0000b57b       0x43 ./system/src/stm32f4-hal/stm32f4xx_hal.o
 .debug_macro   0x0000b5be     0x33a6 ./system/src/stm32f4-hal/stm32f4xx_hal.o
 .debug_macro   0x0000e964       0x22 ./system/src/stm32f4-hal/stm32f4xx_hal.o
 .debug_macro   0x0000e986       0x4c ./system/src/stm32f4-hal/stm32f4xx_hal.o
 .debug_macro   0x0000e9d2       0x8d ./system/src/stm32f4-hal/stm32f4xx_hal.o
 .debug_macro   0x0000ea5f       0x35 ./system/src/stm32f4-hal/stm32f4xx_hal.o
 .debug_macro   0x0000ea94       0x9c ./system/src/stm32f4-hal/stm32f4xx_hal.o
 .debug_macro   0x0000eb30       0x16 ./system/src/stm32f4-hal/stm32f4xx_hal.o
 .debug_macro   0x0000eb46       0x4a ./system/src/stm32f4-hal/stm32f4xx_hal.o
 .debug_macro   0x0000eb90       0x97 ./system/src/stm32f4-hal/stm32f4xx_hal.o
 .debug_macro   0x0000ec27      0x30d ./system/src/stm32f4-hal/stm32f4xx_hal.o
 .debug_macro   0x0000ef34       0xfd ./system/src/stm32f4-hal/stm32f4xx_hal.o
 .debug_macro   0x0000f031       0x10 ./system/src/stm32f4-hal/stm32f4xx_hal.o
 .debug_macro   0x0000f041       0x52 ./system/src/stm32f4-hal/stm32f4xx_hal.o
 .debug_macro   0x0000f093       0x1f ./system/src/stm32f4-hal/stm32f4xx_hal.o
 .debug_macro   0x0000f0b2       0x43 ./system/src/stm32f4-hal/stm32f4xx_hal.o
 .debug_macro   0x0000f0f5       0x20 ./system/src/stm32f4-hal/stm32f4xx_hal.o
 .debug_macro   0x0000f115      0x187 ./system/src/stm32f4-hal/stm32f4xx_hal.o
 .debug_macro   0x0000f29c       0x10 ./system/src/stm32f4-hal/stm32f4xx_hal.o
 .debug_macro   0x0000f2ac       0x5e ./system/src/stm32f4-hal/stm32f4xx_hal.o
 .debug_macro   0x0000f30a       0x1c ./system/src/stm32f4-hal/stm32f4xx_hal.o
 .debug_macro   0x0000f326       0x52 ./system/src/stm32f4-hal/stm32f4xx_hal.o
 .debug_macro   0x0000f378       0x40 ./system/src/stm32f4-hal/stm32f4xx_hal.o
 .debug_macro   0x0000f3b8       0x10 ./system/src/stm32f4-hal/stm32f4xx_hal.o
 .debug_macro   0x0000f3c8       0x40 ./system/src/stm32f4-hal/stm32f4xx_hal.o
 .debug_macro   0x0000f408       0xd7 ./system/src/stm32f4-hal/stm32f4xx_hal.o
 .debug_macro   0x0000f4df       0x16 ./system/src/stm32f4-hal/stm32f4xx_hal.o
 .debug_macro   0x0000f4f5      0x18b ./system/src/stm32f4-hal/stm32f4xx_hal.o
 .debug_macro   0x0000f680       0x57 ./system/src/stm32f4-hal/stm32f4xx_hal.o
 .debug_macro   0x0000f6d7      0x964 ./system/src/stm32f4-hal/stm32f4xx_hal.o
 .debug_macro   0x0001003b      0x9da ./system/src/stm32f4-hal/stm32f4xx_hal.o
 .debug_macro   0x00010a15      0x11e ./system/src/stm32f4-hal/stm32f4xx_hal.o
 .debug_macro   0x00010b33      0x13e ./system/src/stm32f4-hal/stm32f4xx_hal.o
 .debug_macro   0x00010c71       0x27 ./system/src/stm32f4-hal/stm32f4xx_hal.o
 .debug_macro   0x00010c98      0x272 ./system/src/stm32f4-hal/stm32f4xx_hal.o
 .debug_macro   0x00010f0a       0x5f ./system/src/stm32f4-hal/stm32f4xx_hal.o
 .debug_macro   0x00010f69      0x23a ./system/src/stm32f4-hal/stm32f4xx_hal.o
 .debug_macro   0x000111a3      0x391 ./system/src/stm32f4-hal/stm32f4xx_hal.o
 .debug_macro   0x00011534      0x16f ./system/src/stm32f4-hal/stm32f4xx_hal.o
 .debug_macro   0x000116a3       0xf9 ./system/src/stm32f4-hal/stm32f4xx_hal.o
 .debug_macro   0x0001179c      0x36e ./system/src/stm32f4-hal/stm32f4xx_hal.o
 .debug_macro   0x00011b0a       0x23 ./system/src/stm32f4-hal/stm32f4xx_hal.o
 .debug_macro   0x00011b2d       0xe6 ./system/src/stm32f4-hal/stm32f4xx_hal.o
 .debug_macro   0x00011c13       0xa1 ./system/src/stm32f4-hal/stm32f4xx_hal.o
 .debug_macro   0x00011cb4       0x3c ./system/src/stm32f4-hal/stm32f4xx_hal.o
 .debug_macro   0x00011cf0      0x1af ./system/src/stm32f4-hal/stm32f4xx_hal.o
 .debug_macro   0x00011e9f      0xcd6 ./system/src/stm32f4-hal/stm32f4xx_hal.o
 .debug_macro   0x00012b75      0x13a ./system/src/stm32f4-hal/stm32f4xx_hal.o
 .debug_macro   0x00012caf      0x21e ./system/src/stm32f4-hal/stm32f4xx_hal.o
 .debug_macro   0x00012ecd       0x2e ./system/src/stm32f4-hal/stm32f4xx_hal.o
 .debug_macro   0x00012efb      0x512 ./system/src/stm32f4-hal/stm32f4xx_hal.o
 .debug_macro   0x0001340d       0x88 ./system/src/stm32f4-hal/stm32f4xx_hal.o
 .debug_macro   0x00013495       0xd5 ./system/src/stm32f4-hal/stm32f4xx_hal.o
 .debug_macro   0x0001356a      0x183 ./system/src/stm32f4-hal/stm32f4xx_hal.o
 .debug_macro   0x000136ed      0x1a7 ./system/src/stm32f4-hal/stm32f4xx_hal.o
 .debug_macro   0x00013894       0xa5 ./system/src/stm32f4-hal/stm32f4xx_hal.o
 .debug_macro   0x00013939      0x18b ./system/src/stm32f4-hal/stm32f4xx_hal.o
 .debug_macro   0x00013ac4       0x24 ./system/src/stm32f4-hal/stm32f4xx_hal.o
 .debug_macro   0x00013ae8       0x35 ./system/src/stm32f4-hal/stm32f4xx_hal.o
 .debug_macro   0x00013b1d       0x97 ./system/src/stm32f4-hal/stm32f4xx_hal.o
 .debug_macro   0x00013bb4      0x11e ./system/src/stm32f4-hal/stm32f4xx_hal.o
 .debug_macro   0x00013cd2       0x7f ./system/src/stm32f4-hal/stm32f4xx_hal.o
 .debug_macro   0x00013d51       0x89 ./system/src/stm32f4-hal/stm32f4xx_hal.o
 .debug_macro   0x00013dda       0x7e ./system/src/stm32f4-hal/stm32f4xx_hal.o
 .debug_macro   0x00013e58      0x31a ./system/src/stm32f4-hal/stm32f4xx_hal.o
 .debug_macro   0x00014172      0x409 ./system/src/stm32f4-hal/stm32f4xx_hal.o
 .debug_macro   0x0001457b       0xe4 ./system/src/stm32f4-hal/stm32f4xx_hal.o
 .debug_macro   0x0001465f      0x48d ./system/src/stm32f4-hal/stm32f4xx_hal.o
 .debug_macro   0x00014aec      0x22b ./system/src/stm32f4-hal/stm32f4xx_hal.o
 .debug_macro   0x00014d17      0x202 ./system/src/stm32f4-hal/stm32f4xx_hal.o
 .debug_macro   0x00014f19      0x6d9 ./system/src/stm32f4-hal/stm32f4xx_hal.o
 .debug_macro   0x000155f2       0x5b ./system/src/stm32f4-hal/stm32f4xx_hal.o
 .debug_macro   0x0001564d      0x14d ./system/src/stm32f4-hal/stm32f4xx_hal.o
 .debug_macro   0x0001579a      0x287 ./system/src/stm32f4-hal/stm32f4xx_hal.o
 .debug_macro   0x00015a21      0x225 ./system/src/stm32f4-hal/stm32f4xx_hal.o
 .debug_macro   0x00015c46      0x1b5 ./system/src/stm32f4-hal/stm32f4xx_hal.o
 .debug_macro   0x00015dfb      0x2db ./system/src/stm32f4-hal/stm32f4xx_hal.o
 .debug_macro   0x000160d6       0x94 ./system/src/stm32f4-hal/stm32f4xx_hal.o
 .debug_macro   0x0001616a      0x1df ./system/src/stm32f4-hal/stm32f4xx_hal.o
 .debug_macro   0x00016349      0x115 ./system/src/stm32f4-hal/stm32f4xx_hal.o
 .debug_macro   0x0001645e       0x6e ./system/src/stm32f4-hal/stm32f4xx_hal.o
 .debug_macro   0x000164cc      0x125 ./system/src/stm32f4-hal/stm32f4xx_hal.o
 .debug_macro   0x000165f1      0x4e8 ./system/src/stm32f4-hal/stm32f4xx_hal_cortex.o
 .debug_macro   0x00016ad9      0x512 ./system/src/stm32f4-hal/stm32f4xx_hal_rcc.o
 .debug_macro   0x00016feb      0x19c ./system/src/newlib/_exit.o
 .debug_macro   0x00017187      0x10e ./system/src/newlib/_exit.o
 .debug_macro   0x00017295       0x8d ./system/src/newlib/_exit.o
 .debug_macro   0x00017322       0x35 ./system/src/newlib/_exit.o
 .debug_macro   0x00017357      0x151 ./system/src/newlib/_sbrk.o
 .debug_macro   0x000174a8      0x174 ./system/src/newlib/_sbrk.o
 .debug_macro   0x0001761c       0x10 ./system/src/newlib/_sbrk.o
 .debug_macro   0x0001762c      0x23b ./system/src/newlib/_sbrk.o
 .debug_macro   0x00017867      0x15b ./system/src/newlib/_startup.o
 .debug_macro   0x000179c2      0x89e ./system/src/newlib/_startup.o
 .debug_macro   0x00018260      0x1ff ./system/src/newlib/_syscalls.o
 .debug_macro   0x0001845f       0x1c ./system/src/newlib/_syscalls.o
 .debug_macro   0x0001847b       0x10 ./system/src/newlib/_syscalls.o
 .debug_macro   0x0001848b       0x10 ./system/src/newlib/_syscalls.o
 .debug_macro   0x0001849b       0x10 ./system/src/newlib/_syscalls.o
 .debug_macro   0x000184ab       0x35 ./system/src/newlib/_syscalls.o
 .debug_macro   0x000184e0      0x122 ./system/src/newlib/_syscalls.o
 .debug_macro   0x00018602       0x88 ./system/src/newlib/_syscalls.o
 .debug_macro   0x0001868a       0x2b ./system/src/newlib/_syscalls.o
 .debug_macro   0x000186b5      0x118 ./system/src/newlib/_syscalls.o
 .debug_macro   0x000187cd      0x159 ./system/src/newlib/_syscalls.o
 .debug_macro   0x00018926       0x16 ./system/src/newlib/_syscalls.o
 .debug_macro   0x0001893c      0x1b8 ./system/src/newlib/assert.o
 .debug_macro   0x00018af4       0x1c ./system/src/newlib/assert.o
 .debug_macro   0x00018b10      0x1d9 ./system/src/diag/Trace.o
 .debug_macro   0x00018ce9       0x4c ./system/src/diag/Trace.o
 .debug_macro   0x00018d35       0x16 ./system/src/diag/Trace.o
 .debug_macro   0x00018d4b      0x52e ./system/src/diag/trace_impl.o
 .debug_macro   0x00019279       0x22 ./system/src/diag/trace_impl.o
 .debug_macro   0x0001929b      0x4f2 ./system/src/cortexm/_initialize_hardware.o
 .debug_macro   0x0001978d      0x551 ./system/src/cortexm/exception_handlers.o
 .debug_macro   0x00019cde       0x3b ./system/src/cortexm/exception_handlers.o
 .debug_macro   0x00019d19      0x4ee ./system/src/cmsis/system_stm32f4xx.o
 .debug_macro   0x0001a207       0x34 ./system/src/cmsis/vectors_stm32f407xx.o
 .debug_macro   0x0001a23b      0x4f4 ./src/Support_ADC_basic_1_4b.o
 .debug_macro   0x0001a72f      0x4ef ./src/Support_DAC_basic_1_2b.o
 .debug_macro   0x0001ac1e      0x1e1 ./src/Support_DAC_basic_1_2b.o
 .debug_macro   0x0001adff       0x1c ./src/Support_DAC_basic_1_2b.o
 .debug_macro   0x0001ae1b      0x51b ./src/Support_USART_1_7b.o
 .debug_macro   0x0001b336       0x10 ./src/Support_USART_1_7b.o
 .debug_macro   0x0001b346      0x205 ./src/WP_packet_support_1_0.o
 .debug_macro   0x0001b54b      0x4e8 ./src/_initialize_hardware.o
 .debug_macro   0x0001ba33      0x1cf ./src/main.o
 .debug_macro   0x0001bc02      0x4e8 ./src/stm32f4xx_hal_msp.o
 .debug_macro   0x0001c0ea      0x230 ./src/syscalls_1_3.o
 .debug_macro   0x0001c31a       0x16 ./src/syscalls_1_3.o
 .debug_macro   0x0001c330       0x41 ./src/syscalls_1_3.o
 .debug_macro   0x0001c371      0x1da ./src/syscalls_1_3.o
 .debug_macro   0x0001c54b       0x10 ./src/syscalls_1_3.o
